Archive member included to satisfy reference by file (symbol)

/usr/lib/gcc/arm-none-eabi/4.9.3/armv7-m/libgcc.a(_aeabi_uldivmod.o)
                              obj_zoul/cc2538-rf.o (__aeabi_uldivmod)
/usr/lib/gcc/arm-none-eabi/4.9.3/armv7-m/libgcc.a(bpabi.o)
                              /usr/lib/gcc/arm-none-eabi/4.9.3/armv7-m/libgcc.a(_aeabi_uldivmod.o) (__gnu_uldivmod_helper)
/usr/lib/gcc/arm-none-eabi/4.9.3/armv7-m/libgcc.a(_dvmd_tls.o)
                              /usr/lib/gcc/arm-none-eabi/4.9.3/armv7-m/libgcc.a(_aeabi_uldivmod.o) (__aeabi_ldiv0)
/usr/lib/gcc/arm-none-eabi/4.9.3/armv7-m/libgcc.a(_divdi3.o)
                              /usr/lib/gcc/arm-none-eabi/4.9.3/armv7-m/libgcc.a(bpabi.o) (__divdi3)
/usr/lib/gcc/arm-none-eabi/4.9.3/armv7-m/libgcc.a(_udivdi3.o)
                              /usr/lib/gcc/arm-none-eabi/4.9.3/armv7-m/libgcc.a(bpabi.o) (__udivdi3)
/usr/lib/gcc/arm-none-eabi/4.9.3/../../../arm-none-eabi/lib/armv7-m/libc.a(lib_a-atoi.o)
                              obj_zoul/httpd-simple.o (atoi)
/usr/lib/gcc/arm-none-eabi/4.9.3/../../../arm-none-eabi/lib/armv7-m/libc.a(lib_a-ctype_.o)
                              obj_zoul/resolv.o (__ctype_ptr__)
/usr/lib/gcc/arm-none-eabi/4.9.3/../../../arm-none-eabi/lib/armv7-m/libc.a(lib_a-memcmp.o)
                              obj_zoul/slip.o (memcmp)
/usr/lib/gcc/arm-none-eabi/4.9.3/../../../arm-none-eabi/lib/armv7-m/libc.a(lib_a-memcpy.o)
                              obj_zoul/mqtt.o (memcpy)
/usr/lib/gcc/arm-none-eabi/4.9.3/../../../arm-none-eabi/lib/armv7-m/libc.a(lib_a-memmove.o)
                              obj_zoul/mmem.o (memmove)
/usr/lib/gcc/arm-none-eabi/4.9.3/../../../arm-none-eabi/lib/armv7-m/libc.a(lib_a-memset.o)
                              obj_zoul/mqtt.o (memset)
/usr/lib/gcc/arm-none-eabi/4.9.3/../../../arm-none-eabi/lib/armv7-m/libc.a(lib_a-reent.o)
                              obj_zoul/syscalls.o (errno)
/usr/lib/gcc/arm-none-eabi/4.9.3/../../../arm-none-eabi/lib/armv7-m/libc.a(lib_a-strcasecmp.o)
                              obj_zoul/resolv.o (strcasecmp)
/usr/lib/gcc/arm-none-eabi/4.9.3/../../../arm-none-eabi/lib/armv7-m/libc.a(lib_a-strcat.o)
                              obj_zoul/resolv.o (strcat)
/usr/lib/gcc/arm-none-eabi/4.9.3/../../../arm-none-eabi/lib/armv7-m/libc.a(lib_a-strcmp.o)
                              obj_zoul/cfs-coffee.o (strcmp)
/usr/lib/gcc/arm-none-eabi/4.9.3/../../../arm-none-eabi/lib/armv7-m/libc.a(lib_a-strcpy.o)
                              /usr/lib/gcc/arm-none-eabi/4.9.3/../../../arm-none-eabi/lib/armv7-m/libc.a(lib_a-strcat.o) (strcpy)
/usr/lib/gcc/arm-none-eabi/4.9.3/../../../arm-none-eabi/lib/armv7-m/libc.a(lib_a-strlen.o)
                              obj_zoul/mqtt.o (strlen)
/usr/lib/gcc/arm-none-eabi/4.9.3/../../../arm-none-eabi/lib/armv7-m/libc.a(lib_a-strncasecmp.o)
                              obj_zoul/resolv.o (strncasecmp)
/usr/lib/gcc/arm-none-eabi/4.9.3/../../../arm-none-eabi/lib/armv7-m/libc.a(lib_a-strncat.o)
                              obj_zoul/resolv.o (strncat)
/usr/lib/gcc/arm-none-eabi/4.9.3/../../../arm-none-eabi/lib/armv7-m/libc.a(lib_a-strncmp.o)
                              obj_zoul/sensors.o (strncmp)
/usr/lib/gcc/arm-none-eabi/4.9.3/../../../arm-none-eabi/lib/armv7-m/libc.a(lib_a-strncpy.o)
                              obj_zoul/cfs-coffee.o (strncpy)
/usr/lib/gcc/arm-none-eabi/4.9.3/../../../arm-none-eabi/lib/armv7-m/libc.a(lib_a-strstr.o)
                              obj_zoul/thingsio.o (strstr)
/usr/lib/gcc/arm-none-eabi/4.9.3/../../../arm-none-eabi/lib/armv7-m/libc.a(lib_a-strtol.o)
                              /usr/lib/gcc/arm-none-eabi/4.9.3/../../../arm-none-eabi/lib/armv7-m/libc.a(lib_a-atoi.o) (_strtol_r)
/usr/lib/gcc/arm-none-eabi/4.9.3/../../../arm-none-eabi/lib/armv7-m/libc.a(lib_a-freer.o)
                              /usr/lib/gcc/arm-none-eabi/4.9.3/../../../arm-none-eabi/lib/armv7-m/libc.a(lib_a-reent.o) (_free_r)
/usr/lib/gcc/arm-none-eabi/4.9.3/../../../arm-none-eabi/lib/armv7-m/libc.a(lib_a-impure.o)
                              /usr/lib/gcc/arm-none-eabi/4.9.3/../../../arm-none-eabi/lib/armv7-m/libc.a(lib_a-reent.o) (_impure_ptr)
/usr/lib/gcc/arm-none-eabi/4.9.3/../../../arm-none-eabi/lib/armv7-m/libc.a(lib_a-mallocr.o)
                              /usr/lib/gcc/arm-none-eabi/4.9.3/../../../arm-none-eabi/lib/armv7-m/libc.a(lib_a-freer.o) (__malloc_current_mallinfo)
/usr/lib/gcc/arm-none-eabi/4.9.3/../../../arm-none-eabi/lib/armv7-m/libc.a(lib_a-memchr.o)
                              /usr/lib/gcc/arm-none-eabi/4.9.3/../../../arm-none-eabi/lib/armv7-m/libc.a(lib_a-strstr.o) (memchr)
/usr/lib/gcc/arm-none-eabi/4.9.3/../../../arm-none-eabi/lib/armv7-m/libc.a(lib_a-mlock.o)
                              /usr/lib/gcc/arm-none-eabi/4.9.3/../../../arm-none-eabi/lib/armv7-m/libc.a(lib_a-freer.o) (__malloc_lock)
/usr/lib/gcc/arm-none-eabi/4.9.3/../../../arm-none-eabi/lib/armv7-m/libc.a(lib_a-sbrkr.o)
[...]
Memory Configuration

Name             Origin             Length             Attributes
FLASH_FW         0x00202000         0x0007dfd4         xr
FLASH_CCA        0x0027ffd4         0x0000002c         xr
NRSRAM           0x20000000         0x00000000         xrw
FRSRAM           0x20000000         0x00008000         xrw
*default*        0x00000000         0xffffffff

Linker script and memory map

LOAD obj_zoul/startup-gcc.o
LOAD obj_zoul/mqtt.o
LOAD obj_zoul/dht22.o
LOAD obj_zoul/tsl256x.o
LOAD obj_zoul/contiki-main.o
LOAD obj_zoul/leds.o
LOAD obj_zoul/cc1200-zoul-arch.o
LOAD obj_zoul/adc-zoul.o
LOAD obj_zoul/button-sensor.o
LOAD obj_zoul/zoul-sensors.o
LOAD obj_zoul/board.o
LOAD obj_zoul/antenna-sw.o
LOAD obj_zoul/rtcc.o
LOAD obj_zoul/leds-res-arch.o
LOAD obj_zoul/power-mgmt.o
LOAD obj_zoul/soc.o
LOAD obj_zoul/clock.o
LOAD obj_zoul/rtimer-arch.o
LOAD obj_zoul/uart.o
LOAD obj_zoul/watchdog.o
LOAD obj_zoul/nvic.o
LOAD obj_zoul/cpu.o
LOAD obj_zoul/sys-ctrl.o
LOAD obj_zoul/gpio.o
LOAD obj_zoul/ioc.o
LOAD obj_zoul/spi.o
LOAD obj_zoul/adc.o
LOAD obj_zoul/crypto.o
LOAD obj_zoul/aes.o
LOAD obj_zoul/ecb.o
LOAD obj_zoul/cbc.o
LOAD obj_zoul/ctr.o
LOAD obj_zoul/cbc-mac.o
LOAD obj_zoul/gcm.o
LOAD obj_zoul/ccm.o
LOAD obj_zoul/sha256.o
LOAD obj_zoul/cc2538-aes-128.o
LOAD obj_zoul/cc2538-ccm-star.o
LOAD obj_zoul/cc2538-rf.o
LOAD obj_zoul/udma.o
LOAD obj_zoul/lpm.o
LOAD obj_zoul/pka.o
LOAD obj_zoul/bignum-driver.o
LOAD obj_zoul/ecc-driver.o
LOAD obj_zoul/ecc-algorithm.o
LOAD obj_zoul/ecc-curve.o
LOAD obj_zoul/dbg.o
LOAD obj_zoul/ieee-addr.o
LOAD obj_zoul/slip-arch.o
LOAD obj_zoul/slip.o
LOAD obj_zoul/i2c.o
LOAD obj_zoul/cc2538-temp-sensor.o
LOAD obj_zoul/vdd3-sensor.o
LOAD obj_zoul/cfs-coffee.o
LOAD obj_zoul/cfs-coffee-arch.o
LOAD obj_zoul/pwm.o
LOAD obj_zoul/dbg-printf.o
LOAD obj_zoul/dbg-snprintf.o
LOAD obj_zoul/dbg-sprintf.o
LOAD obj_zoul/strformat.o
LOAD obj_zoul/usb-core.o
LOAD obj_zoul/cdc-acm.o
LOAD obj_zoul/usb-arch.o
LOAD obj_zoul/usb-serial.o
LOAD obj_zoul/cdc-acm-descriptors.o
LOAD obj_zoul/autostart.o
LOAD obj_zoul/ctimer.o
LOAD obj_zoul/energest.o
LOAD obj_zoul/arg.o
LOAD obj_zoul/stimer.o
LOAD obj_zoul/etimer.o
LOAD obj_zoul/compower.o
LOAD obj_zoul/process.o
LOAD obj_zoul/rtimer.o
LOAD obj_zoul/mt.o
LOAD obj_zoul/procinit.o
LOAD obj_zoul/timer.o
LOAD obj_zoul/serial-line.o
LOAD obj_zoul/nullradio.o
LOAD obj_zoul/settings.o
LOAD obj_zoul/crc16.o
LOAD obj_zoul/me.o
LOAD obj_zoul/ringbuf.o
LOAD obj_zoul/mmem.o
LOAD obj_zoul/me_tabs.o
LOAD obj_zoul/ccm-star.o
LOAD obj_zoul/ifft.o
LOAD obj_zoul/ringbufindex.o
LOAD obj_zoul/sensors.o
LOAD obj_zoul/list.o
LOAD obj_zoul/aes-128.o
LOAD obj_zoul/trickle-timer.o
LOAD obj_zoul/print-stats.o
LOAD obj_zoul/memb.o
LOAD obj_zoul/petsciiconv.o
LOAD obj_zoul/gcr.o
LOAD obj_zoul/random.o
LOAD obj_zoul/assert.o
LOAD obj_zoul/uip-icmp6.o
LOAD obj_zoul/uip-ds6.o
LOAD obj_zoul/uip-ds6-route.o
LOAD obj_zoul/uip6.o
LOAD obj_zoul/uip-ds6-nbr.o
LOAD obj_zoul/uip-nd6.o
LOAD obj_zoul/sicslowpan.o
LOAD obj_zoul/slipdev.o
LOAD obj_zoul/dhcpc.o
LOAD obj_zoul/uip-packetqueue.o
LOAD obj_zoul/tcp-socket.o
LOAD obj_zoul/uip-debug.o
LOAD obj_zoul/ip64-addr.o
LOAD obj_zoul/uip-udp-packet.o
LOAD obj_zoul/psock.o
LOAD obj_zoul/tcpip.o
LOAD obj_zoul/resolv.o
LOAD obj_zoul/uip-nameserver.o
LOAD obj_zoul/uip-split.o
LOAD obj_zoul/udp-socket.o
LOAD obj_zoul/simple-udp.o
LOAD obj_zoul/uiplib.o
LOAD obj_zoul/rpl-nbr-policy.o
LOAD obj_zoul/rpl-of0.o
LOAD obj_zoul/rpl-dag.o
LOAD obj_zoul/rpl-timers.o
LOAD obj_zoul/rpl-ext-header.o
LOAD obj_zoul/rpl.o
LOAD obj_zoul/rpl-mrhof.o
LOAD obj_zoul/rpl-ns.o
LOAD obj_zoul/rpl-icmp6.o
LOAD obj_zoul/rpl-dag-root.o
LOAD obj_zoul/syscalls.o
LOAD obj_zoul/queuebuf.o
LOAD obj_zoul/nbr-table.o
LOAD obj_zoul/packetbuf.o
LOAD obj_zoul/netstack.o
LOAD obj_zoul/linkaddr.o
LOAD obj_zoul/net-debug.o
LOAD obj_zoul/link-stats.o
LOAD obj_zoul/framer-nullmac.o
LOAD obj_zoul/nullmac.o
LOAD obj_zoul/nullrdc-noframer.o
LOAD obj_zoul/frame802154e-ie.o
LOAD obj_zoul/mac-sequence.o
LOAD obj_zoul/nordc.o
LOAD obj_zoul/csma.o
LOAD obj_zoul/frame802154.o
LOAD obj_zoul/mac.o
LOAD obj_zoul/framer-802154.o
LOAD obj_zoul/phase.o
LOAD obj_zoul/nullrdc.o
LOAD obj_zoul/contikimac.o
LOAD obj_zoul/contikimac-framer.o
LOAD obj_zoul/nullsec.o
LOAD obj_zoul/anti-replay.o
LOAD obj_zoul/ccm-star-packetbuf.o
LOAD obj_zoul/noncoresec.o
LOAD obj_zoul/cc1200-868-fsk-1-2kbps.o
LOAD obj_zoul/cc1200-802154g-863-870-fsk-50kbps.o
LOAD obj_zoul/cc1200.o
LOAD mqtt-client.co
LOAD obj_zoul/httpd-simple.o
LOAD obj_zoul/mqtt-sensors.o
LOAD obj_zoul/mqtt-res.o
LOAD obj_zoul/thingsio.o
LOAD obj_zoul/coldchain.o
START GROUP
LOAD /usr/lib/gcc/arm-none-eabi/4.9.3/armv7-m/libgcc.a
LOAD /usr/lib/gcc/arm-none-eabi/4.9.3/../../../arm-none-eabi/lib/armv7-m/libc.a
END GROUP

.text           0x00202000    0x124c8
                0x00202000                _text = .
 *(SORT(.vectors))
 .vectors       0x00202000      0x28c obj_zoul/startup-gcc.o
                0x00202000                vectors
 *(SORT(.text*))
 .text.reset_handler
                0x0020228c       0x40 obj_zoul/startup-gcc.o
                0x0020228c                reset_handler
 .text.call_event
                0x002022cc       0x1c obj_zoul/mqtt.o
 .text.tcp_input
                0x002022e8      0x2f0 obj_zoul/mqtt.o
 .text.keep_alive_callback
                0x002025d8       0x44 obj_zoul/mqtt.o
 .text.connect_tcp
                0x0020261c       0x68 obj_zoul/mqtt.o
 .text.tcp_event
                0x00202684       0x94 obj_zoul/mqtt.o
 .text.mqtt_init
                0x00202718       0xb4 obj_zoul/mqtt.o
                0x00202718                mqtt_init
 .text.mqtt_register
                0x002027cc       0x64 obj_zoul/mqtt.o
                0x002027cc                mqtt_register
 .text.mqtt_connect
                0x00202830       0x58 obj_zoul/mqtt.o
                0x00202830                mqtt_connect
 .text.mqtt_disconnect
                0x00202888       0x24 obj_zoul/mqtt.o
                0x00202888                mqtt_disconnect
 .text.process_thread_mqtt_process
                0x002028ac     0x1014 obj_zoul/mqtt.o
 .text.mqtt_subscribe
                0x002038c0       0x60 obj_zoul/mqtt.o
                0x002038c0                mqtt_subscribe
 .text.mqtt_publish
                0x00203920       0x78 obj_zoul/mqtt.o
                0x00203920                mqtt_publish
 .text.configure
                0x00203998       0x5c obj_zoul/dht22.o
 .text.value    0x002039f4      0x194 obj_zoul/dht22.o
 .text.dht22_read_all
                0x00203b88       0x48 obj_zoul/dht22.o
                0x00203b88                dht22_read_all
 .text.status   0x00203bd0       0x14 obj_zoul/tsl256x.o
 .text.process_thread_tsl256x_int_process
                0x00203be4       0x30 obj_zoul/tsl256x.o
 .text.tsl256x_interrupt_handler
                0x00203c14        0xc obj_zoul/tsl256x.o
 .text.configure
                0x00203c20      0x274 obj_zoul/tsl256x.o
 .text.value    0x00203e94      0x10c obj_zoul/tsl256x.o
 .text.startup.main
                0x00203fa0      0x1b4 obj_zoul/contiki-main.o
                0x00203fa0                main
 .text.leds_init
                0x00204154       0x14 obj_zoul/leds.o
                0x00204154                leds_init
 .text.leds_on  0x00204168       0x10 obj_zoul/leds.o
                0x00204168                leds_on
 .text.leds_off
                0x00204178       0x14 obj_zoul/leds.o
                0x00204178                leds_off
 .text.value    0x0020418c       0x20 obj_zoul/button-sensor.o
 .text.duration_exceeded_callback
                0x002041ac       0x3c obj_zoul/button-sensor.o
 .text.config_user
                0x002041e8       0xa0 obj_zoul/button-sensor.o
 .text.btn_callback
                0x00204288       0x5c obj_zoul/button-sensor.o
 .text.antenna_sw_config
                0x002042e4       0x30 obj_zoul/antenna-sw.o
                0x002042e4                antenna_sw_config
 .text.leds_arch_init
                0x00204314       0x48 obj_zoul/leds-res-arch.o
                0x00204314                leds_arch_init
 .text.leds_arch_set
                0x0020435c       0x44 obj_zoul/leds-res-arch.o
                0x0020435c                leds_arch_set
 .text.soc_get_rev
                0x002043a0       0x18 obj_zoul/soc.o
                0x002043a0                soc_get_rev
 .text.soc_get_sram_size
                0x002043b8       0x1c obj_zoul/soc.o
                0x002043b8                soc_get_sram_size
 .text.soc_print_info
                0x002043d4       0x70 obj_zoul/soc.o
                0x002043d4                soc_print_info
 .text.update_ticks
                0x00204444       0x4c obj_zoul/clock.o
 .text.clock_init
                0x00204490       0x50 obj_zoul/clock.o
                0x00204490                clock_init
 .text.clock_time
                0x002044e0       0x14 obj_zoul/clock.o
                0x002044e0                clock_time
 .text.clock_seconds
                0x002044f4       0x14 obj_zoul/clock.o
                0x002044f4                clock_seconds
 .text.clock_delay_usec
                0x00204508       0x1c obj_zoul/clock.o
                0x00204508                clock_delay_usec
 .text.clock_adjust
                0x00204524       0x20 obj_zoul/clock.o
                0x00204524                clock_adjust
 .text.rtimer_arch_next_trigger
                0x00204544        0xc obj_zoul/rtimer-arch.o
                0x00204544                rtimer_arch_next_trigger
 .text.rtimer_arch_now
                0x00204550       0x2c obj_zoul/rtimer-arch.o
                0x00204550                rtimer_arch_now
 .text.rtimer_arch_schedule
                0x0020457c       0x58 obj_zoul/rtimer-arch.o
                0x0020457c                rtimer_arch_schedule
 .text.rtimer_isr
                0x002045d4       0x24 obj_zoul/rtimer-arch.o
                0x002045d4                rtimer_isr
 .text.permit_pm1
                0x002045f8       0x24 obj_zoul/uart.o
 .text.uart_isr
                0x0020461c       0x64 obj_zoul/uart.o
 .text.uart_init
                0x00204680      0x1ac obj_zoul/uart.o
                0x00204680                uart_init
 .text.uart_set_input
                0x0020482c       0x10 obj_zoul/uart.o
                0x0020482c                uart_set_input
 .text.uart_write_byte
                0x0020483c       0x1c obj_zoul/uart.o
                0x0020483c                uart_write_byte
 .text.watchdog_init
                0x00204858        0xc obj_zoul/watchdog.o
                0x00204858                watchdog_init
 .text.watchdog_start
                0x00204864        0xc obj_zoul/watchdog.o
                0x00204864                watchdog_start
 .text.watchdog_periodic
                0x00204870       0x10 obj_zoul/watchdog.o
                0x00204870                watchdog_periodic
 .text.nvic_init
                0x00204880       0x3c obj_zoul/nvic.o
                0x00204880                nvic_init
 .text.nvic_interrupt_enable
                0x002048bc       0x18 obj_zoul/nvic.o
                0x002048bc                nvic_interrupt_enable
 .text.nvic_interrupt_disable
                0x002048d4       0x18 obj_zoul/nvic.o
                0x002048d4                nvic_interrupt_disable
 .text.nvic_interrupt_unpend
                0x002048ec       0x18 obj_zoul/nvic.o
                0x002048ec                nvic_interrupt_unpend
 .text.sys_ctrl_get_reset_cause
                0x00204904       0x10 obj_zoul/sys-ctrl.o
                0x00204904                sys_ctrl_get_reset_cause
 .text.sys_ctrl_get_reset_cause_str
                0x00204914       0x14 obj_zoul/sys-ctrl.o
                0x00204914                sys_ctrl_get_reset_cause_str
 .text.sys_ctrl_init
                0x00204928       0x74 obj_zoul/sys-ctrl.o
                0x00204928                sys_ctrl_init
 .text.sys_ctrl_reset
                0x0020499c        0xc obj_zoul/sys-ctrl.o
                0x0020499c                sys_ctrl_reset
 .text.sys_ctrl_get_sys_clock
                0x002049a8       0x18 obj_zoul/sys-ctrl.o
                0x002049a8                sys_ctrl_get_sys_clock
 .text.sys_ctrl_get_io_clock
                0x002049c0       0x18 obj_zoul/sys-ctrl.o
                0x002049c0                sys_ctrl_get_io_clock
 .text.gpio_register_callback
                0x002049d8       0x10 obj_zoul/gpio.o
                0x002049d8                gpio_register_callback
 .text.notify   0x002049e8       0x30 obj_zoul/gpio.o
                0x002049e8                notify
 .text.gpio_port_isr
                0x00204a18       0x50 obj_zoul/gpio.o
 .text.gpio_init
                0x00204a68       0x10 obj_zoul/gpio.o
                0x00204a68                gpio_init
 .text.ioc_init
                0x00204a78       0x1c obj_zoul/ioc.o
                0x00204a78                ioc_init
 .text.ioc_set_over
                0x00204a94       0x14 obj_zoul/ioc.o
                0x00204a94                ioc_set_over
 .text.ioc_set_sel
                0x00204aa8       0x14 obj_zoul/ioc.o
                0x00204aa8                ioc_set_sel
 .text.adc_get  0x00204abc       0x78 obj_zoul/adc.o
                0x00204abc                adc_get
 .text.permit_pm1
                0x00204b34       0x10 obj_zoul/crypto.o
 .text.crypto_isr
                0x00204b44       0x24 obj_zoul/crypto.o
                0x00204b44                crypto_isr
 .text.crypto_enable
                0x00204b68       0x20 obj_zoul/crypto.o
                0x00204b68                crypto_enable
 .text.crypto_init
                0x00204b88       0x3c obj_zoul/crypto.o
                0x00204b88                crypto_init
 .text.crypto_disable
                0x00204bc4       0x20 obj_zoul/crypto.o
                0x00204bc4                crypto_disable
 .text.crypto_register_process_notification
                0x00204be4        0xc obj_zoul/crypto.o
                0x00204be4                crypto_register_process_notification
 .text.aes_load_keys
                0x00204bf0      0x11c obj_zoul/aes.o
                0x00204bf0                aes_load_keys
 .text.aes_auth_crypt_start
                0x00204d0c      0x140 obj_zoul/aes.o
                0x00204d0c                aes_auth_crypt_start
 .text.aes_auth_crypt_check_status
                0x00204e4c       0x18 obj_zoul/aes.o
                0x00204e4c                aes_auth_crypt_check_status
 .text.aes_auth_crypt_get_result
                0x00204e64       0xb4 obj_zoul/aes.o
                0x00204e64                aes_auth_crypt_get_result
 .text.encrypt  0x00204f18       0x4c obj_zoul/cc2538-aes-128.o
 .text.set_key  0x00204f64       0x34 obj_zoul/cc2538-aes-128.o
 .text.set_key  0x00204f98        0xc obj_zoul/cc2538-ccm-star.o
 .text.aead     0x00204fa4       0xac obj_zoul/cc2538-ccm-star.o
 .text.on       0x00205050       0x2c obj_zoul/cc2538-rf.o
 .text.off      0x0020507c       0x40 obj_zoul/cc2538-rf.o
 .text.set_channel
                0x002050bc       0x48 obj_zoul/cc2538-rf.o
 .text.channel_clear
                0x00205104       0x3c obj_zoul/cc2538-rf.o
 .text.receiving_packet
                0x00205140       0x18 obj_zoul/cc2538-rf.o
 .text.pending_packet
                0x00205158       0x10 obj_zoul/cc2538-rf.o
 .text.get_value
                0x00205168      0x164 obj_zoul/cc2538-rf.o
 .text.prepare  0x002052cc       0x64 obj_zoul/cc2538-rf.o
 .text.transmit
                0x00205330       0x98 obj_zoul/cc2538-rf.o
 .text.set_frame_filtering
                0x002053c8       0x18 obj_zoul/cc2538-rf.o
 .text.set_object
                0x002053e0       0x30 obj_zoul/cc2538-rf.o
 .text.read     0x00205410       0xe4 obj_zoul/cc2538-rf.o
 .text.set_poll_mode
                0x002054f4       0x8c obj_zoul/cc2538-rf.o
 .text.set_value
                0x00205580       0xe8 obj_zoul/cc2538-rf.o
 .text.init     0x00205668       0xc4 obj_zoul/cc2538-rf.o
 .text.process_thread_cc2538_rf_process
                0x0020572c       0x90 obj_zoul/cc2538-rf.o
 .text.get_object
                0x002057bc      0x144 obj_zoul/cc2538-rf.o
 .text.cc2538_rf_rx_tx_isr
                0x00205900       0x24 obj_zoul/cc2538-rf.o
                0x00205900                cc2538_rf_rx_tx_isr
 .text.cc2538_rf_err_isr
                0x00205924       0x28 obj_zoul/cc2538-rf.o
                0x00205924                cc2538_rf_err_isr
 .text.udma_init
                0x0020594c       0x30 obj_zoul/udma.o
                0x0020594c                udma_init
 .text.udma_set_channel_src
                0x0020597c       0x10 obj_zoul/udma.o
                0x0020597c                udma_set_channel_src
 .text.udma_set_channel_dst
                0x0020598c       0x14 obj_zoul/udma.o
                0x0020598c                udma_set_channel_dst
 .text.udma_set_channel_control_word
                0x002059a0       0x14 obj_zoul/udma.o
                0x002059a0                udma_set_channel_control_word
 .text.udma_channel_enable
                0x002059b4       0x18 obj_zoul/udma.o
                0x002059b4                udma_channel_enable
 .text.udma_channel_mask_set
                0x002059cc       0x18 obj_zoul/udma.o
                0x002059cc                udma_channel_mask_set
 .text.udma_channel_sw_request
                0x002059e4       0x18 obj_zoul/udma.o
                0x002059e4                udma_channel_sw_request
 .text.udma_channel_get_mode
                0x002059fc       0x1c obj_zoul/udma.o
                0x002059fc                udma_channel_get_mode
 .text.udma_isr
                0x00205a18       0x10 obj_zoul/udma.o
                0x00205a18                udma_isr
 .text.udma_err_isr
                0x00205a28        0xc obj_zoul/udma.o
                0x00205a28                udma_err_isr
 .text.select_32_mhz_xosc
                0x00205a34       0x2c obj_zoul/lpm.o
 .text.lpm_exit
                0x00205a60       0x34 obj_zoul/lpm.o
                0x00205a60                lpm_exit
 .text.lpm_enter
                0x00205a94       0xb0 obj_zoul/lpm.o
                0x00205a94                lpm_enter
 .text.lpm_register_peripheral
                0x00205b44       0x20 obj_zoul/lpm.o
                0x00205b44                lpm_register_peripheral
 .text.lpm_init
                0x00205b64       0x24 obj_zoul/lpm.o
                0x00205b64                lpm_init
 .text.pka_isr  0x00205b88       0x24 obj_zoul/pka.o
                0x00205b88                pka_isr
 .text.ieee_addr_cpy_to
                0x00205bac       0x74 obj_zoul/ieee-addr.o
                0x00205bac                ieee_addr_cpy_to
 .text.i2c_master_enable
                0x00205c20       0x10 obj_zoul/i2c.o
                0x00205c20                i2c_master_enable
 .text.i2c_set_frequency
                0x00205c30       0x1c obj_zoul/i2c.o
                0x00205c30                i2c_set_frequency
 .text.i2c_init
                0x00205c4c       0xc8 obj_zoul/i2c.o
                0x00205c4c                i2c_init
 .text.i2c_master_command
                0x00205d14       0x10 obj_zoul/i2c.o
                0x00205d14                i2c_master_command
 .text.i2c_master_busy
                0x00205d24       0x10 obj_zoul/i2c.o
                0x00205d24                i2c_master_busy
 .text.i2c_master_error
                0x00205d34       0x1c obj_zoul/i2c.o
                0x00205d34                i2c_master_error
 .text.i2c_single_send
                0x00205d50       0x28 obj_zoul/i2c.o
                0x00205d50                i2c_single_send
 .text.i2c_single_receive
                0x00205d78       0x38 obj_zoul/i2c.o
                0x00205d78                i2c_single_receive
 .text.i2c_burst_send
                0x00205db0       0x94 obj_zoul/i2c.o
                0x00205db0                i2c_burst_send
 .text.i2c_burst_receive
                0x00205e44       0x94 obj_zoul/i2c.o
                0x00205e44                i2c_burst_receive
 .text.load_file
                0x00205ed8       0x50 obj_zoul/cfs-coffee.o
 .text.find_file
                0x00205f28       0x90 obj_zoul/cfs-coffee.o
 .text.find_contiguous_pages
                0x00205fb8       0x80 obj_zoul/cfs-coffee.o
 .text.remove_by_page.isra.1
                0x00206038       0xb8 obj_zoul/cfs-coffee.o
 .text.reserve  0x002060f0      0x228 obj_zoul/cfs-coffee.o
 .text.cfs_open
                0x00206318       0xa0 obj_zoul/cfs-coffee.o
                0x00206318                cfs_open
 .text.cfs_close
                0x002063b8       0x24 obj_zoul/cfs-coffee.o
                0x002063b8                cfs_close
 .text.cfs_read
                0x002063dc       0xf8 obj_zoul/cfs-coffee.o
                0x002063dc                cfs_read
 .text.merge_log
                0x002064d4      0x11c obj_zoul/cfs-coffee.o
 .text.cfs_write
                0x002065f0      0x354 obj_zoul/cfs-coffee.o
                0x002065f0                cfs_write
 .text.printf   0x00206944       0x20 obj_zoul/dbg-printf.o
                0x00206944                printf
 .text.vsnprintf
                0x00206964       0x28 obj_zoul/dbg-snprintf.o
                0x00206964                vsnprintf
 .text.fill_space
                0x0020698c       0x34 obj_zoul/strformat.o
 .text.format_str_v
                0x002069c0      0x6e8 obj_zoul/strformat.o
                0x002069c0                format_str_v
 .text.process_thread_ctimer_process
                0x002070a8       0x80 obj_zoul/ctimer.o
 .text.ctimer_init
                0x00207128       0x28 obj_zoul/ctimer.o
                0x00207128                ctimer_init
 .text.ctimer_set_with_process
                0x00207150       0x44 obj_zoul/ctimer.o
                0x00207150                ctimer_set_with_process
 .text.ctimer_set
                0x00207194       0x14 obj_zoul/ctimer.o
                0x00207194                ctimer_set
 .text.ctimer_reset
                0x002071a8       0x38 obj_zoul/ctimer.o
                0x002071a8                ctimer_reset
 .text.ctimer_restart
                0x002071e0       0x38 obj_zoul/ctimer.o
                0x002071e0                ctimer_restart
 .text.ctimer_stop
                0x00207218       0x2c obj_zoul/ctimer.o
                0x00207218                ctimer_stop
 .text.stimer_expired
                0x00207244       0x20 obj_zoul/stimer.o
                0x00207244                stimer_expired
 .text.update_time
                0x00207264       0x44 obj_zoul/etimer.o
 .text.etimer_request_poll
                0x002072a8        0xc obj_zoul/etimer.o
                0x002072a8                etimer_request_poll
 .text.process_thread_etimer_process
                0x002072b4       0x94 obj_zoul/etimer.o
 .text.add_timer
                0x00207348       0x40 obj_zoul/etimer.o
 .text.etimer_pending
                0x00207388       0x10 obj_zoul/etimer.o
                0x00207388                etimer_pending
 .text.etimer_stop
                0x00207398       0x34 obj_zoul/etimer.o
                0x00207398                etimer_stop
 .text.call_process.part.0
                0x002073cc       0x38 obj_zoul/process.o
 .text.exit_process
                0x00207404       0x80 obj_zoul/process.o
 .text.do_poll  0x00207484       0x30 obj_zoul/process.o
 .text.process_alloc_event
                0x002074b4       0x10 obj_zoul/process.o
                0x002074b4                process_alloc_event
 .text.process_exit
                0x002074c4        0xc obj_zoul/process.o
                0x002074c4                process_exit
 .text.process_init
                0x002074d0       0x30 obj_zoul/process.o
                0x002074d0                process_init
 .text.process_run
                0x00207500       0x84 obj_zoul/process.o
                0x00207500                process_run
 .text.process_nevents
                0x00207584       0x14 obj_zoul/process.o
                0x00207584                process_nevents
 .text.process_post
                0x00207598       0x3c obj_zoul/process.o
                0x00207598                process_post
 .text.process_post_synch
                0x002075d4       0x14 obj_zoul/process.o
                0x002075d4                process_post_synch
 .text.process_start
                0x002075e8       0x30 obj_zoul/process.o
                0x002075e8                process_start
 .text.process_poll
                0x00207618       0x18 obj_zoul/process.o
                0x00207618                process_poll
 .text.rtimer_run_next
                0x00207630       0x28 obj_zoul/rtimer.o
                0x00207630                rtimer_run_next
 .text.process_thread_serial_line_process
                0x00207658       0x98 obj_zoul/serial-line.o
 .text.serial_line_input_byte
                0x002076f0       0x44 obj_zoul/serial-line.o
                0x002076f0                serial_line_input_byte
 .text.serial_line_init
                0x00207734       0x24 obj_zoul/serial-line.o
                0x00207734                serial_line_init
 .text.process_thread_sensors_process
                0x00207758       0xd4 obj_zoul/sensors.o
 .text.sensors_changed
                0x0020782c       0x38 obj_zoul/sensors.o
                0x0020782c                sensors_changed
 .text.random_rand
                0x00207864       0x20 obj_zoul/random.o
                0x00207864                random_rand
 .text.random_init
                0x00207884       0x78 obj_zoul/random.o
                0x00207884                random_init
 .text.echo_reply_input
                0x002078fc       0x94 obj_zoul/uip-icmp6.o
 .text.echo_request_input
                0x00207990       0xc8 obj_zoul/uip-icmp6.o
 .text.uip_icmp6_input
                0x00207a58       0x38 obj_zoul/uip-icmp6.o
                0x00207a58                uip_icmp6_input
 .text.uip_icmp6_register_input_handler
                0x00207a90        0xc obj_zoul/uip-icmp6.o
                0x00207a90                uip_icmp6_register_input_handler
 .text.uip_icmp6_error_output
                0x00207a9c      0x144 obj_zoul/uip-icmp6.o
                0x00207a9c                uip_icmp6_error_output
 .text.uip_icmp6_send
                0x00207be0       0x8c obj_zoul/uip-icmp6.o
                0x00207be0                uip_icmp6_send
 .text.uip_icmp6_echo_reply_callback_add
                0x00207c6c       0x18 obj_zoul/uip-icmp6.o
                0x00207c6c                uip_icmp6_echo_reply_callback_add
 .text.uip_icmp6_init
                0x00207c84       0x1c obj_zoul/uip-icmp6.o
                0x00207c84                uip_icmp6_init
 .text.uip_ds6_prefix_add
                0x00207ca0       0x64 obj_zoul/uip-ds6.o
                0x00207ca0                uip_ds6_prefix_add
 .text.uip_ds6_is_addr_onlink
                0x00207d04       0x40 obj_zoul/uip-ds6.o
                0x00207d04                uip_ds6_is_addr_onlink
 .text.uip_ds6_addr_lookup
                0x00207d44       0x2c obj_zoul/uip-ds6.o
                0x00207d44                uip_ds6_addr_lookup
 .text.uip_ds6_get_link_local
                0x00207d70       0x40 obj_zoul/uip-ds6.o
                0x00207d70                uip_ds6_get_link_local
 .text.uip_ds6_get_global
                0x00207db0       0x40 obj_zoul/uip-ds6.o
                0x00207db0                uip_ds6_get_global
 .text.uip_ds6_maddr_add
                0x00207df0       0x4c obj_zoul/uip-ds6.o
                0x00207df0                uip_ds6_maddr_add
 .text.uip_ds6_addr_add
                0x00207e3c       0x94 obj_zoul/uip-ds6.o
                0x00207e3c                uip_ds6_addr_add
 .text.uip_ds6_maddr_lookup
                0x00207ed0       0x2c obj_zoul/uip-ds6.o
                0x00207ed0                uip_ds6_maddr_lookup
 .text.uip_ds6_addr_rm
                0x00207efc       0x44 obj_zoul/uip-ds6.o
                0x00207efc                uip_ds6_addr_rm
 .text.uip_ds6_periodic
                0x00207f40       0x4c obj_zoul/uip-ds6.o
                0x00207f40                uip_ds6_periodic
 .text.uip_ds6_select_src
                0x00207f8c       0x94 obj_zoul/uip-ds6.o
                0x00207f8c                uip_ds6_select_src
 .text.uip_ds6_compute_reachable_time
                0x00208020       0x28 obj_zoul/uip-ds6.o
                0x00208020                uip_ds6_compute_reachable_time
 .text.uip_ds6_init
                0x00208048       0xe0 obj_zoul/uip-ds6.o
                0x00208048                uip_ds6_init
 .text.call_route_callback
                0x00208128       0x48 obj_zoul/uip-ds6-route.o
 .text.uip_ds6_route_init
                0x00208170       0x4c obj_zoul/uip-ds6-route.o
                0x00208170                uip_ds6_route_init
 .text.uip_ds6_route_nexthop
                0x002081bc       0x20 obj_zoul/uip-ds6-route.o
                0x002081bc                uip_ds6_route_nexthop
 .text.uip_ds6_route_head
                0x002081dc        0xc obj_zoul/uip-ds6-route.o
                0x002081dc                uip_ds6_route_head
 .text.uip_ds6_route_is_nexthop
                0x002081e8       0x20 obj_zoul/uip-ds6-route.o
                0x002081e8                uip_ds6_route_is_nexthop
 .text.uip_ds6_route_lookup
                0x00208208       0x64 obj_zoul/uip-ds6-route.o
                0x00208208                uip_ds6_route_lookup
 .text.uip_ds6_route_rm
                0x0020826c       0x9c obj_zoul/uip-ds6-route.o
                0x0020826c                uip_ds6_route_rm
 .text.rm_routelist
                0x00208308       0x30 obj_zoul/uip-ds6-route.o
 .text.uip_ds6_route_add
                0x00208338      0x108 obj_zoul/uip-ds6-route.o
                0x00208338                uip_ds6_route_add
 .text.uip_ds6_defrt_rm
                0x00208440       0x44 obj_zoul/uip-ds6-route.o
                0x00208440                uip_ds6_defrt_rm
 .text.uip_ds6_defrt_lookup
                0x00208484       0x2c obj_zoul/uip-ds6-route.o
                0x00208484                uip_ds6_defrt_lookup
 .text.uip_ds6_defrt_add
                0x002084b0       0x64 obj_zoul/uip-ds6-route.o
                0x002084b0                uip_ds6_defrt_add
 .text.uip_ds6_defrt_choose
                0x00208514       0x30 obj_zoul/uip-ds6-route.o
                0x00208514                uip_ds6_defrt_choose
 .text.uip_ds6_defrt_periodic
                0x00208544       0x30 obj_zoul/uip-ds6-route.o
                0x00208544                uip_ds6_defrt_periodic
 .text.upper_layer_chksum
                0x00208574       0x54 obj_zoul/uip6.o
 .text.ext_hdr_options_process
                0x002085c8       0xac obj_zoul/uip6.o
 .text.uip_add32
                0x00208674       0x54 obj_zoul/uip6.o
                0x00208674                uip_add32
 .text.unlikely.uip_add_rcv_nxt
                0x002086c8       0x2c obj_zoul/uip6.o
 .text.uip_init
                0x002086f4       0x5c obj_zoul/uip6.o
                0x002086f4                uip_init
 .text.uip_connect
                0x00208750       0xe0 obj_zoul/uip6.o
                0x00208750                uip_connect
 .text.remove_ext_hdr
                0x00208830       0x5c obj_zoul/uip6.o
                0x00208830                remove_ext_hdr
 .text.uip_unlisten
                0x0020888c       0x20 obj_zoul/uip6.o
                0x0020888c                uip_unlisten
 .text.uip_listen
                0x002088ac       0x1c obj_zoul/uip6.o
                0x002088ac                uip_listen
 .text.uip_process
                0x002088c8      0xd50 obj_zoul/uip6.o
                0x002088c8                uip_process
 .text.uip_send
                0x00209618       0x48 obj_zoul/uip6.o
                0x00209618                uip_send
 .text.uip_ds6_nbr_rm
                0x00209660       0x20 obj_zoul/uip-ds6-nbr.o
                0x00209660                uip_ds6_nbr_rm
 .text.uip_ds6_neighbors_init
                0x00209680       0x1c obj_zoul/uip-ds6-nbr.o
                0x00209680                uip_ds6_neighbors_init
 .text.uip_ds6_nbr_add
                0x0020969c       0x3c obj_zoul/uip-ds6-nbr.o
                0x0020969c                uip_ds6_nbr_add
 .text.uip_ds6_nbr_get_ll
                0x002096d8       0x10 obj_zoul/uip-ds6-nbr.o
                0x002096d8                uip_ds6_nbr_get_ll
 .text.uip_ds6_nbr_lookup
                0x002096e8       0x38 obj_zoul/uip-ds6-nbr.o
                0x002096e8                uip_ds6_nbr_lookup
 .text.uip_ds6_nbr_ll_lookup
                0x00209720       0x10 obj_zoul/uip-ds6-nbr.o
                0x00209720                uip_ds6_nbr_ll_lookup
 .text.uip_ds6_link_neighbor_callback
                0x00209730       0x34 obj_zoul/uip-ds6-nbr.o
                0x00209730                uip_ds6_link_neighbor_callback
 .text.clear_fragments
                0x00209764       0x3c obj_zoul/sicslowpan.o
 .text.sicslowpan_init
                0x002097a0       0x24 obj_zoul/sicslowpan.o
                0x002097a0                sicslowpan_init
 .text.compress_addr_64
                0x002097c4       0x90 obj_zoul/sicslowpan.o
 .text.set_packet_attrs
                0x00209854       0x44 obj_zoul/sicslowpan.o
 .text.addr_context_lookup_by_prefix
                0x00209898       0x28 obj_zoul/sicslowpan.o
 .text.send_packet
                0x002098c0       0x24 obj_zoul/sicslowpan.o
 .text.packet_sent
                0x002098e4       0x28 obj_zoul/sicslowpan.o
 .text.store_fragment
                0x0020990c       0x58 obj_zoul/sicslowpan.o
 .text.uncompress_addr
                0x00209964       0xa4 obj_zoul/sicslowpan.o
 .text.output   0x00209a08      0x69c obj_zoul/sicslowpan.o
 .text.add_fragment
                0x0020a0a4      0x124 obj_zoul/sicslowpan.o
 .text.input    0x0020a1c8      0x5b0 obj_zoul/sicslowpan.o
 .text.sicslowpan_get_last_rssi
                0x0020a778        0xc obj_zoul/sicslowpan.o
                0x0020a778                sicslowpan_get_last_rssi
 .text.newdata  0x0020a784       0x54 obj_zoul/tcp-socket.o
 .text.senddata
                0x0020a7d8       0x28 obj_zoul/tcp-socket.o
 .text.process_thread_tcp_socket_process
                0x0020a800      0x1cc obj_zoul/tcp-socket.o
 .text.tcp_socket_register
                0x0020a9cc       0x6c obj_zoul/tcp-socket.o
                0x0020a9cc                tcp_socket_register
 .text.tcp_socket_connect
                0x0020aa38       0x4c obj_zoul/tcp-socket.o
                0x0020aa38                tcp_socket_connect
 .text.tcp_socket_unlisten
                0x0020aa84       0x3c obj_zoul/tcp-socket.o
                0x0020aa84                tcp_socket_unlisten
 .text.tcp_socket_unregister
                0x0020aac0       0x2c obj_zoul/tcp-socket.o
                0x0020aac0                tcp_socket_unregister
 .text.uip_debug_ipaddr_print
                0x0020aaec       0xa0 obj_zoul/uip-debug.o
                0x0020aaec                uip_debug_ipaddr_print
 .text.psock_send
                0x0020ab8c       0x98 obj_zoul/psock.o
                0x0020ab8c                psock_send
 .text.psock_newdata
                0x0020ac24       0x28 obj_zoul/psock.o
                0x0020ac24                psock_newdata
 .text.psock_readto
                0x0020ac4c       0xa4 obj_zoul/psock.o
                0x0020ac4c                psock_readto
 .text.psock_readbuf_len
                0x0020acf0       0xd4 obj_zoul/psock.o
                0x0020acf0                psock_readbuf_len
 .text.start_periodic_tcp_timer
                0x0020adc4       0x1c obj_zoul/tcpip.o
 .text.tcpip_output
                0x0020ade0       0x10 obj_zoul/tcpip.o
                0x0020ade0                tcpip_output
 .text.tcpip_set_outputfunc
                0x0020adf0        0xc obj_zoul/tcpip.o
                0x0020adf0                tcpip_set_outputfunc
 .text.tcp_unlisten
                0x0020adfc       0x34 obj_zoul/tcpip.o
                0x0020adfc                tcp_unlisten
 .text.tcp_listen
                0x0020ae30       0x28 obj_zoul/tcpip.o
                0x0020ae30                tcp_listen
 .text.tcp_attach
                0x0020ae58       0x10 obj_zoul/tcpip.o
                0x0020ae58                tcp_attach
 .text.tcpip_icmp6_call
                0x0020ae68       0x28 obj_zoul/tcpip.o
                0x0020ae68                tcpip_icmp6_call
 .text.tcpip_input
                0x0020ae90       0x24 obj_zoul/tcpip.o
                0x0020ae90                tcpip_input
 .text.tcpip_ipv6_output
                0x0020aeb4       0xb0 obj_zoul/tcpip.o
                0x0020aeb4                tcpip_ipv6_output
 .text.process_thread_tcpip_process
                0x0020af64      0x1ac obj_zoul/tcpip.o
 .text.tcpip_poll_tcp
                0x0020b110       0x10 obj_zoul/tcpip.o
                0x0020b110                tcpip_poll_tcp
 .text.tcp_connect
                0x0020b120       0x20 obj_zoul/tcpip.o
                0x0020b120                tcp_connect
 .text.tcpip_uipcall
                0x0020b140       0x68 obj_zoul/tcpip.o
                0x0020b140                tcpip_uipcall
 .text.uip_nameserver_update
                0x0020b1a8       0x24 obj_zoul/uip-nameserver.o
                0x0020b1a8                uip_nameserver_update
 .text.update_nbr
                0x0020b1cc      0x10c obj_zoul/rpl-nbr-policy.o
 .text.handle_periodic_timer
                0x0020b2d8       0x14 obj_zoul/rpl-nbr-policy.o
 .text.find_removable_dis
                0x0020b2ec       0x20 obj_zoul/rpl-nbr-policy.o
                0x0020b2ec                find_removable_dis
 .text.find_removable_dio
                0x0020b30c       0x40 obj_zoul/rpl-nbr-policy.o
                0x0020b30c                find_removable_dio
 .text.find_removable_dao
                0x0020b34c       0x38 obj_zoul/rpl-nbr-policy.o
                0x0020b34c                find_removable_dao
 .text.rpl_nbr_policy_find_removable
                0x0020b384       0x28 obj_zoul/rpl-nbr-policy.o
                0x0020b384                rpl_nbr_policy_find_removable
 .text.rpl_set_preferred_parent
                0x0020b3ac       0x28 obj_zoul/rpl-dag.o
 .text.set_ip_from_prefix
                0x0020b3d4       0x2c obj_zoul/rpl-dag.o
 .text.find_parent_any_dag_any_instance
                0x0020b400       0x1c obj_zoul/rpl-dag.o
 .text.rpl_dag_init
                0x0020b41c       0x14 obj_zoul/rpl-dag.o
                0x0020b41c                rpl_dag_init
 .text.rpl_get_parent
                0x0020b430       0x10 obj_zoul/rpl-dag.o
                0x0020b430                rpl_get_parent
 .text.rpl_get_parent_lladdr
                0x0020b440       0x10 obj_zoul/rpl-dag.o
                0x0020b440                rpl_get_parent_lladdr
 .text.best_parent
                0x0020b450       0x74 obj_zoul/rpl-dag.o
 .text.rpl_alloc_instance
                0x0020b4c4       0x34 obj_zoul/rpl-dag.o
                0x0020b4c4                rpl_alloc_instance
 .text.rpl_add_parent
                0x0020b4f8       0x30 obj_zoul/rpl-dag.o
                0x0020b4f8                rpl_add_parent
 .text.rpl_remove_parent
                0x0020b528       0x1c obj_zoul/rpl-dag.o
                0x0020b528                rpl_remove_parent
 .text.remove_parents.constprop.5
                0x0020b544       0x2c obj_zoul/rpl-dag.o
 .text.rpl_get_any_dag
                0x0020b570       0x18 obj_zoul/rpl-dag.o
                0x0020b570                rpl_get_any_dag
 .text.rpl_get_instance
                0x0020b588       0x20 obj_zoul/rpl-dag.o
                0x0020b588                rpl_get_instance
 .text.rpl_find_of
                0x0020b5a8       0x14 obj_zoul/rpl-dag.o
                0x0020b5a8                rpl_find_of
 .text.rpl_join_instance
                0x0020b5bc      0x140 obj_zoul/rpl-dag.o
                0x0020b5bc                rpl_join_instance
 .text.rpl_local_repair
                0x0020b6fc       0x70 obj_zoul/rpl-dag.o
                0x0020b6fc                rpl_local_repair
 .text.rpl_recalculate_ranks
                0x0020b76c       0x3c obj_zoul/rpl-dag.o
                0x0020b76c                rpl_recalculate_ranks
 .text.new_dio_interval
                0x0020b7a8       0x58 obj_zoul/rpl-timers.o
 .text.handle_periodic_timer
                0x0020b800       0x4c obj_zoul/rpl-timers.o
 .text.set_dao_lifetime_timer
                0x0020b84c       0x4c obj_zoul/rpl-timers.o
 .text.handle_dio_timer
                0x0020b898       0x80 obj_zoul/rpl-timers.o
 .text.schedule_dao
                0x0020b918       0x54 obj_zoul/rpl-timers.o
 .text.handle_dao_timer
                0x0020b96c       0x58 obj_zoul/rpl-timers.o
 .text.rpl_reset_periodic_timer
                0x0020b9c4       0x34 obj_zoul/rpl-timers.o
                0x0020b9c4                rpl_reset_periodic_timer
 .text.rpl_schedule_unicast_dio_immediately
                0x0020b9f8       0x14 obj_zoul/rpl-timers.o
                0x0020b9f8                rpl_schedule_unicast_dio_immediately
 .text.get_probing_target
                0x0020ba0c       0xd4 obj_zoul/rpl-timers.o
                0x0020ba0c                get_probing_target
 .text.rpl_schedule_probing
                0x0020bae0       0x20 obj_zoul/rpl-timers.o
                0x0020bae0                rpl_schedule_probing
 .text.update_hbh_header
                0x0020bb00       0xc4 obj_zoul/rpl-ext-header.o
 .text.insert_hbh_header
                0x0020bbc4       0xb0 obj_zoul/rpl-ext-header.o
 .text.rpl_verify_hbh_header
                0x0020bc74      0x100 obj_zoul/rpl-ext-header.o
                0x0020bc74                rpl_verify_hbh_header
 .text.rpl_remove_header
                0x0020bd74       0x7c obj_zoul/rpl-ext-header.o
                0x0020bd74                rpl_remove_header
 .text.rpl_update_header
                0x0020bdf0       0x64 obj_zoul/rpl-ext-header.o
                0x0020bdf0                rpl_update_header
 .text.rpl_get_mode
                0x0020be54        0xc obj_zoul/rpl.o
                0x0020be54                rpl_get_mode
 .text.rpl_purge_routes
                0x0020be60       0x64 obj_zoul/rpl.o
                0x0020be60                rpl_purge_routes
 .text.rpl_link_neighbor_callback
                0x0020bec4       0x54 obj_zoul/rpl.o
                0x0020bec4                rpl_link_neighbor_callback
 .text.rpl_ipv6_neighbor_callback
                0x0020bf18       0x28 obj_zoul/rpl.o
                0x0020bf18                rpl_ipv6_neighbor_callback
 .text.rpl_purge_dags
                0x0020bf40       0x3c obj_zoul/rpl.o
                0x0020bf40                rpl_purge_dags
 .text.rpl_init
                0x0020bf7c       0x4c obj_zoul/rpl.o
                0x0020bf7c                rpl_init
 .text.dao_ack_input
                0x0020bfc8       0x14 obj_zoul/rpl-icmp6.o
 .text.dio_input
                0x0020bfdc      0x254 obj_zoul/rpl-icmp6.o
 .text.dao_input
                0x0020c230      0x270 obj_zoul/rpl-icmp6.o
 .text.dis_output
                0x0020c4a0       0x54 obj_zoul/rpl-icmp6.o
                0x0020c4a0                dis_output
 .text.dio_output
                0x0020c4f4      0x218 obj_zoul/rpl-icmp6.o
                0x0020c4f4                dio_output
 .text.dis_input
                0x0020c70c       0x50 obj_zoul/rpl-icmp6.o
 .text.dao_output_target
                0x0020c75c      0x100 obj_zoul/rpl-icmp6.o
                0x0020c75c                dao_output_target
 .text.dao_output
                0x0020c85c       0x90 obj_zoul/rpl-icmp6.o
                0x0020c85c                dao_output
 .text.rpl_icmp6_register_handlers
                0x0020c8ec       0x30 obj_zoul/rpl-icmp6.o
                0x0020c8ec                rpl_icmp6_register_handlers
 .text.queuebuf_init
                0x0020c91c       0x1c obj_zoul/queuebuf.o
                0x0020c91c                queuebuf_init
 .text.queuebuf_numfree
                0x0020c938        0xc obj_zoul/queuebuf.o
                0x0020c938                queuebuf_numfree
 .text.queuebuf_new_from_packetbuf
                0x0020c944       0x44 obj_zoul/queuebuf.o
                0x0020c944                queuebuf_new_from_packetbuf
 .text.queuebuf_free
                0x0020c988       0x2c obj_zoul/queuebuf.o
                0x0020c988                queuebuf_free
 .text.queuebuf_to_packetbuf
                0x0020c9b4       0x30 obj_zoul/queuebuf.o
                0x0020c9b4                queuebuf_to_packetbuf
 .text.key_from_index
                0x0020c9e4       0x18 obj_zoul/nbr-table.o
 .text.index_from_key
                0x0020c9fc       0x20 obj_zoul/nbr-table.o
 .text.index_from_lladdr
                0x0020ca1c       0x40 obj_zoul/nbr-table.o
 .text.nbr_get_bit.constprop.0
                0x0020ca5c       0x30 obj_zoul/nbr-table.o
 .text.remove_key
                0x0020ca8c       0x58 obj_zoul/nbr-table.o
 .text.nbr_table_register
                0x0020cae4       0x28 obj_zoul/nbr-table.o
                0x0020cae4                nbr_table_register
 .text.nbr_table_head
                0x0020cb0c       0x34 obj_zoul/nbr-table.o
                0x0020cb0c                nbr_table_head
 .text.nbr_table_add_lladdr
                0x0020cb40      0x114 obj_zoul/nbr-table.o
                0x0020cb40                nbr_table_add_lladdr
 .text.nbr_table_remove
                0x0020cc54       0x2c obj_zoul/nbr-table.o
                0x0020cc54                nbr_table_remove
 .text.nbr_table_lock
                0x0020cc80       0x14 obj_zoul/nbr-table.o
                0x0020cc80                nbr_table_lock
 .text.nbr_table_unlock
                0x0020cc94       0x14 obj_zoul/nbr-table.o
                0x0020cc94                nbr_table_unlock
 .text.packetbuf_hdrreduce
                0x0020cca8       0x2c obj_zoul/packetbuf.o
                0x0020cca8                packetbuf_hdrreduce
 .text.packetbuf_set_datalen
                0x0020ccd4        0xc obj_zoul/packetbuf.o
                0x0020ccd4                packetbuf_set_datalen
 .text.packetbuf_hdrptr
                0x0020cce0        0x8 obj_zoul/packetbuf.o
                0x0020cce0                packetbuf_hdrptr
 .text.packetbuf_datalen
                0x0020cce8        0xc obj_zoul/packetbuf.o
                0x0020cce8                packetbuf_datalen
 .text.packetbuf_hdrlen
                0x0020ccf4       0x18 obj_zoul/packetbuf.o
                0x0020ccf4                packetbuf_hdrlen
 .text.packetbuf_dataptr
                0x0020cd0c       0x10 obj_zoul/packetbuf.o
                0x0020cd0c                packetbuf_dataptr
 .text.packetbuf_copyto
                0x0020cd1c       0x40 obj_zoul/packetbuf.o
                0x0020cd1c                packetbuf_copyto
 .text.packetbuf_totlen
                0x0020cd5c       0x14 obj_zoul/packetbuf.o
                0x0020cd5c                packetbuf_totlen
 .text.packetbuf_hdralloc
                0x0020cd70       0x3c obj_zoul/packetbuf.o
                0x0020cd70                packetbuf_hdralloc
 .text.packetbuf_attr_clear
                0x0020cdac       0x34 obj_zoul/packetbuf.o
                0x0020cdac                packetbuf_attr_clear
 .text.packetbuf_clear
                0x0020cde0       0x20 obj_zoul/packetbuf.o
                0x0020cde0                packetbuf_clear
 .text.packetbuf_copyfrom
                0x0020ce00       0x2c obj_zoul/packetbuf.o
                0x0020ce00                packetbuf_copyfrom
 .text.packetbuf_attr_copyto
                0x0020ce2c       0x30 obj_zoul/packetbuf.o
                0x0020ce2c                packetbuf_attr_copyto
 .text.packetbuf_attr_copyfrom
                0x0020ce5c       0x30 obj_zoul/packetbuf.o
                0x0020ce5c                packetbuf_attr_copyfrom
 .text.packetbuf_set_attr
                0x0020ce8c       0x10 obj_zoul/packetbuf.o
                0x0020ce8c                packetbuf_set_attr
 .text.packetbuf_attr
                0x0020ce9c        0xc obj_zoul/packetbuf.o
                0x0020ce9c                packetbuf_attr
 .text.packetbuf_set_addr
                0x0020cea8       0x18 obj_zoul/packetbuf.o
                0x0020cea8                packetbuf_set_addr
 .text.packetbuf_addr
                0x0020cec0       0x10 obj_zoul/packetbuf.o
                0x0020cec0                packetbuf_addr
 .text.packetbuf_holds_broadcast
                0x0020ced0       0x10 obj_zoul/packetbuf.o
                0x0020ced0                packetbuf_holds_broadcast
 .text.netstack_init
                0x0020cee0       0x38 obj_zoul/netstack.o
                0x0020cee0                netstack_init
 .text.periodic
                0x0020cf18       0x2c obj_zoul/link-stats.o
 .text.link_stats_from_lladdr
                0x0020cf44        0xc obj_zoul/link-stats.o
                0x0020cf44                link_stats_from_lladdr
 .text.link_stats_packet_sent
                0x0020cf50       0x78 obj_zoul/link-stats.o
                0x0020cf50                link_stats_packet_sent
 .text.link_stats_input_callback
                0x0020cfc8       0x4c obj_zoul/link-stats.o
                0x0020cfc8                link_stats_input_callback
 .text.link_stats_init
                0x0020d014       0x28 obj_zoul/link-stats.o
                0x0020d014                link_stats_init
 .text.input_packet
                0x0020d03c        0xc obj_zoul/csma.o
 .text.on       0x0020d048        0xc obj_zoul/csma.o
 .text.off      0x0020d054        0xc obj_zoul/csma.o
 .text.channel_check_interval
                0x0020d060       0x10 obj_zoul/csma.o
 .text.transmit_packet_list
                0x0020d070       0x30 obj_zoul/csma.o
 .text.schedule_transmission
                0x0020d0a0       0x4c obj_zoul/csma.o
 .text.send_packet
                0x0020d0ec      0x138 obj_zoul/csma.o
 .text.init     0x0020d224       0x24 obj_zoul/csma.o
 .text.tx_done  0x0020d248       0x84 obj_zoul/csma.o
 .text.frame802154_get_pan_id
                0x0020d2cc        0xc obj_zoul/frame802154.o
                0x0020d2cc                frame802154_get_pan_id
 .text.frame802154_parse
                0x0020d2d8      0x1a8 obj_zoul/frame802154.o
                0x0020d2d8                frame802154_parse
 .text.create_frame.isra.0
                0x0020d480      0x158 obj_zoul/framer-802154.o
 .text.on       0x0020d5d8        0xc obj_zoul/nullrdc.o
 .text.send_one_packet
                0x0020d5e4      0x118 obj_zoul/nullrdc.o
 .text.off      0x0020d6fc       0x18 obj_zoul/nullrdc.o
 .text.packet_input
                0x0020d714       0x4c obj_zoul/nullrdc.o
 .text.anti_replay_set_counter
                0x0020d760       0x24 obj_zoul/anti-replay.o
                0x0020d760                anti_replay_set_counter
 .text.ccm_star_packetbuf_set_nonce
                0x0020d784       0x4c obj_zoul/ccm-star-packetbuf.o
                0x0020d784                ccm_star_packetbuf_set_nonce
 .text.input    0x0020d7d0        0xc obj_zoul/noncoresec.o
 .text.send     0x0020d7dc       0x20 obj_zoul/noncoresec.o
 .text.length   0x0020d7fc       0x14 obj_zoul/noncoresec.o
 .text.init     0x0020d810       0x24 obj_zoul/noncoresec.o
 .text.aead     0x0020d834       0x68 obj_zoul/noncoresec.o
 .text.parse    0x0020d89c       0x94 obj_zoul/noncoresec.o
 .text.create   0x0020d930       0x20 obj_zoul/noncoresec.o
 .text.print_config_info
                0x0020d950       0x34 mqtt-client.co
 .text.init_config
                0x0020d984       0x3c mqtt-client.co
 .text.mqtt_event
                0x0020d9c0       0xcc mqtt-client.co
 .text.mqtt_write_config_to_flash
                0x0020da8c       0xa0 mqtt-client.co
                0x0020da8c                mqtt_write_config_to_flash
 .text.auth_user_post_handler
                0x0020db2c       0x74 mqtt-client.co
 .text.auth_token_post_handler
                0x0020dba0       0x74 mqtt-client.co
 .text.mqtt_read_config_from_flash
                0x0020dc14       0xc4 mqtt-client.co
                0x0020dc14                mqtt_read_config_from_flash
 .text.process_thread_mqtt_demo_process
                0x0020dcd8      0x3b4 mqtt-client.co
 .text.subscribe
                0x0020e08c       0x38 mqtt-client.co
                0x0020e08c                subscribe
 .text.publish  0x0020e0c4       0x44 mqtt-client.co
                0x0020e0c4                publish
 .text.send_headers
                0x0020e108      0x12c obj_zoul/httpd-simple.o
 .text.handle_output
                0x0020e234      0x294 obj_zoul/httpd-simple.o
 .text.generate_ws_config
                0x0020e4c8      0x5e4 obj_zoul/httpd-simple.o
 .text.handle_input
                0x0020eaac      0x4f0 obj_zoul/httpd-simple.o
 .text.process_thread_httpd_simple_process
                0x0020ef9c      0x140 obj_zoul/httpd-simple.o
 .text.httpd_simple_register_post_handler
                0x0020f0dc        0xc obj_zoul/httpd-simple.o
                0x0020f0dc                httpd_simple_register_post_handler
 .text.mqtt_sensor_check
                0x0020f0e8       0xc0 obj_zoul/mqtt-sensors.o
                0x0020f0e8                mqtt_sensor_check
 .text.ping_parent
                0x0020f1a8       0x2c obj_zoul/mqtt-res.o
 .text.process_thread_mqtt_res_process
                0x0020f1d4       0x7c obj_zoul/mqtt-res.o
 .text.echo_reply_handler
                0x0020f250       0x24 obj_zoul/mqtt-res.o
 .text.mqtt_res_parent_rssi
                0x0020f274       0x28 obj_zoul/mqtt-res.o
                0x0020f274                mqtt_res_parent_rssi
 .text.mqtt_check_int_chunk_len
                0x0020f29c       0x40 obj_zoul/mqtt-res.o
                0x0020f29c                mqtt_check_int_chunk_len
 .text.mqtt_res_uptime
                0x0020f2dc       0x28 obj_zoul/mqtt-res.o
                0x0020f2dc                mqtt_res_uptime
 .text.mqtt_res_parent_addr
                0x0020f304       0x98 obj_zoul/mqtt-res.o
                0x0020f304                mqtt_res_parent_addr
 .text.mqtt_res_client_id
                0x0020f39c       0x50 obj_zoul/mqtt-res.o
                0x0020f39c                mqtt_res_client_id
 .text.mqtt_res_u16_addr
                0x0020f3ec       0x34 obj_zoul/mqtt-res.o
                0x0020f3ec                mqtt_res_u16_addr
 .text.activate_sensors
                0x0020f420       0x24 obj_zoul/mqtt-res.o
                0x0020f420                activate_sensors
 .text.add_pub_topic
                0x0020f444       0x90 obj_zoul/thingsio.o
 .text.process_thread_thingsio_process
                0x0020f4d4      0x2bc obj_zoul/thingsio.o
 .text.thingsio_pub_handler
                0x0020f790      0x16c obj_zoul/thingsio.o
 .text.process_thread_coldchain_sensors_process
                0x0020f8fc      0x18c obj_zoul/coldchain.o
 .text          0x0020fa88       0x30 /usr/lib/gcc/arm-none-eabi/4.9.3/armv7-m/libgcc.a(_aeabi_uldivmod.o)
                0x0020fa88                __aeabi_uldivmod
 .text          0x0020fab8       0x60 /usr/lib/gcc/arm-none-eabi/4.9.3/armv7-m/libgcc.a(bpabi.o)
                0x0020fab8                __gnu_ldivmod_helper
                0x0020fae8                __gnu_uldivmod_helper
 .text          0x0020fb18        0x4 /usr/lib/gcc/arm-none-eabi/4.9.3/armv7-m/libgcc.a(_dvmd_tls.o)
                0x0020fb18                __aeabi_ldiv0
                0x0020fb18                __aeabi_idiv0
 .text          0x0020fb1c      0x2ac /usr/lib/gcc/arm-none-eabi/4.9.3/armv7-m/libgcc.a(_divdi3.o)
                0x0020fb1c                __divdi3
 .text          0x0020fdc8      0x270 /usr/lib/gcc/arm-none-eabi/4.9.3/armv7-m/libgcc.a(_udivdi3.o)
                0x0020fdc8                __udivdi3
 .text.atoi     0x00210038        0x8 /usr/lib/gcc/arm-none-eabi/4.9.3/../../../arm-none-eabi/lib/armv7-m/libc.a(lib_a-atoi.o)
                0x00210038                atoi
 .text.memcmp   0x00210040       0x64 /usr/lib/gcc/arm-none-eabi/4.9.3/../../../arm-none-eabi/lib/armv7-m/libc.a(lib_a-memcmp.o)
                0x00210040                memcmp
 .text          0x002100a4       0xec /usr/lib/gcc/arm-none-eabi/4.9.3/../../../arm-none-eabi/lib/armv7-m/libc.a(lib_a-memcpy.o)
                0x002100a4                memcpy
 .text.memmove  0x00210190       0xc8 /usr/lib/gcc/arm-none-eabi/4.9.3/../../../arm-none-eabi/lib/armv7-m/libc.a(lib_a-memmove.o)
                0x00210190                memmove
 .text.memset   0x00210258       0x9c /usr/lib/gcc/arm-none-eabi/4.9.3/../../../arm-none-eabi/lib/armv7-m/libc.a(lib_a-memset.o)
                0x00210258                memset
 .text          0x002102f4      0x1bc /usr/lib/gcc/arm-none-eabi/4.9.3/../../../arm-none-eabi/lib/armv7-m/libc.a(lib_a-strcmp.o)
                0x002102f4                strcmp
 .text.strlen   0x002104b0       0x5c /usr/lib/gcc/arm-none-eabi/4.9.3/../../../arm-none-eabi/lib/armv7-m/libc.a(lib_a-strlen.o)
                0x002104b0                strlen
 .text.strncasecmp
                0x0021050c       0x54 /usr/lib/gcc/arm-none-eabi/4.9.3/../../../arm-none-eabi/lib/armv7-m/libc.a(lib_a-strncasecmp.o)
                0x0021050c                strncasecmp
 .text.strncmp  0x00210560       0x94 /usr/lib/gcc/arm-none-eabi/4.9.3/../../../arm-none-eabi/lib/armv7-m/libc.a(lib_a-strncmp.o)
                0x00210560                strncmp
 .text.strncpy  0x002105f4       0x68 /usr/lib/gcc/arm-none-eabi/4.9.3/../../../arm-none-eabi/lib/armv7-m/libc.a(lib_a-strncpy.o)
                0x002105f4                strncpy
 .text.critical_factorization
                0x0021065c       0xb8 /usr/lib/gcc/arm-none-eabi/4.9.3/../../../arm-none-eabi/lib/armv7-m/libc.a(lib_a-strstr.o)
 .text.two_way_long_needle
                0x00210714      0x1f8 /usr/lib/gcc/arm-none-eabi/4.9.3/../../../arm-none-eabi/lib/armv7-m/libc.a(lib_a-strstr.o)
 .text.strstr   0x0021090c      0x220 /usr/lib/gcc/arm-none-eabi/4.9.3/../../../arm-none-eabi/lib/armv7-m/libc.a(lib_a-strstr.o)
                0x0021090c                strstr
 .text._strtol_r
                0x00210b2c      0x11c /usr/lib/gcc/arm-none-eabi/4.9.3/../../../arm-none-eabi/lib/armv7-m/libc.a(lib_a-strtol.o)
                0x00210b2c                _strtol_r
 .text.strtol   0x00210c48       0x18 /usr/lib/gcc/arm-none-eabi/4.9.3/../../../arm-none-eabi/lib/armv7-m/libc.a(lib_a-strtol.o)
                0x00210c48                strtol
 .text.memchr   0x00210c60       0x94 /usr/lib/gcc/arm-none-eabi/4.9.3/../../../arm-none-eabi/lib/armv7-m/libc.a(lib_a-memchr.o)
                0x00210c60                memchr
 .text.strchr   0x00210cf4       0xcc /usr/lib/gcc/arm-none-eabi/4.9.3/../../../arm-none-eabi/lib/armv7-m/libc.a(lib_a-strchr.o)
                0x00210cf4                strchr
 .text.default_handler
                0x00210dc0        0x2 obj_zoul/startup-gcc.o
                0x00210dc0                default_handler
 .text.nmi_handler
                0x00210dc2        0x6 obj_zoul/startup-gcc.o
                0x00210dc2                nmi_handler
 .text.encode_remaining_length
                0x00210dc8       0x26 obj_zoul/mqtt.o
 .text.reset_packet
                0x00210dee       0x14 obj_zoul/mqtt.o
 .text.handle_publish
                0x00210e02       0x30 obj_zoul/mqtt.o
 .text.abort_connection
                0x00210e32       0x3e obj_zoul/mqtt.o
 .text.send_out_buffer
                0x00210e70       0x22 obj_zoul/mqtt.o
 .text.write_byte
                0x00210e92       0x20 obj_zoul/mqtt.o
 .text.write_bytes
                0x00210eb2       0x4e obj_zoul/mqtt.o
 .text.string_to_mqtt_string
                0x00210f00       0x18 obj_zoul/mqtt.o
 .text.tsl256x_write_reg
                0x00210f18       0x28 obj_zoul/tsl256x.o
 .text.tsl256x_clear_interrupt
                0x00210f40       0x1e obj_zoul/tsl256x.o
 .text.tsl256x_read_reg
                0x00210f5e       0x38 obj_zoul/tsl256x.o
 .text.fade     0x00210f96       0x54 obj_zoul/contiki-main.o
 .text.board_init
                0x00210fea        0x4 obj_zoul/board.o
                0x00210fea                board_init
 .text.clock_isr
                0x00210fee        0x4 obj_zoul/clock.o
                0x00210fee                clock_isr
 .text.rtimer_arch_init
                0x00210ff2        0x2 obj_zoul/rtimer-arch.o
                0x00210ff2                rtimer_arch_init
 .text.uart0_isr
                0x00210ff4        0x6 obj_zoul/uart.o
                0x00210ff4                uart0_isr
 .text.uart1_isr
                0x00210ffa        0x6 obj_zoul/uart.o
                0x00210ffa                uart1_isr
 .text.cpu_cpsie
                0x00211000        0x8 obj_zoul/cpu.o
                0x00211000                cpu_cpsie
 .text.cpu_cpsid
                0x00211008        0x8 obj_zoul/cpu.o
                0x00211008                cpu_cpsid
 .text.gpio_port_a_isr
                0x00211010        0x6 obj_zoul/gpio.o
                0x00211010                gpio_port_a_isr
 .text.gpio_port_b_isr
                0x00211016        0x6 obj_zoul/gpio.o
                0x00211016                gpio_port_b_isr
 .text.gpio_port_c_isr
                0x0021101c        0x6 obj_zoul/gpio.o
                0x0021101c                gpio_port_c_isr
 .text.gpio_port_d_isr
                0x00211022        0x6 obj_zoul/gpio.o
                0x00211022                gpio_port_d_isr
 .text.ecb_crypt_start
                0x00211028       0x2a obj_zoul/ecb.o
                0x00211028                ecb_crypt_start
 .text.ecb_crypt_check_status
                0x00211052       0x1a obj_zoul/ecb.o
                0x00211052                ecb_crypt_check_status
 .text.ccm_auth_crypt_start
                0x0021106c       0x9a obj_zoul/ccm.o
 .text.ccm_auth_crypt_get_result
                0x00211106       0x46 obj_zoul/ccm.o
                0x00211106                ccm_auth_decrypt_get_result
 .text.ccm_auth_encrypt_start
                0x0021114c       0x3a obj_zoul/ccm.o
                0x0021114c                ccm_auth_encrypt_start
 .text.ccm_auth_encrypt_get_result
                0x00211186        0xc obj_zoul/ccm.o
                0x00211186                ccm_auth_encrypt_get_result
 .text.ccm_auth_decrypt_start
                0x00211192       0x3e obj_zoul/ccm.o
                0x00211192                ccm_auth_decrypt_start
 .text.send     0x002111d0       0x12 obj_zoul/cc2538-rf.o
 .text.putchar  0x002111e2       0x10 obj_zoul/dbg.o
                0x002111e2                putchar
 .text.dbg_send_bytes
                0x002111f2       0x20 obj_zoul/dbg.o
                0x002111f2                dbg_send_bytes
 .text.puts     0x00211212       0x20 obj_zoul/dbg.o
                0x00211212                puts
 .text.configure
                0x00211232        0x4 obj_zoul/cc2538-temp-sensor.o
 .text.status   0x00211236        0x4 obj_zoul/cc2538-temp-sensor.o
 .text.value    0x0021123a       0x34 obj_zoul/cc2538-temp-sensor.o
 .text.configure
                0x0021126e        0x4 obj_zoul/vdd3-sensor.o
 .text.status   0x00211272        0x4 obj_zoul/vdd3-sensor.o
 .text.value    0x00211276       0x2a obj_zoul/vdd3-sensor.o
 .text.read_header
                0x002112a0        0x8 obj_zoul/cfs-coffee.o
 .text.file_end
                0x002112a8       0x50 obj_zoul/cfs-coffee.o
 .text.write_header
                0x002112f8       0x10 obj_zoul/cfs-coffee.o
 .text.next_file.isra.0
                0x00211308       0x1a obj_zoul/cfs-coffee.o
 .text.read_log_page
                0x00211322      0x126 obj_zoul/cfs-coffee.o
 .text.cfs_coffee_arch_erase
                0x00211448       0x24 obj_zoul/cfs-coffee-arch.o
                0x00211448                cfs_coffee_arch_erase
 .text.cfs_coffee_arch_write
                0x0021146c       0xce obj_zoul/cfs-coffee-arch.o
                0x0021146c                cfs_coffee_arch_write
 .text.cfs_coffee_arch_read
                0x0021153a       0x24 obj_zoul/cfs-coffee-arch.o
                0x0021153a                cfs_coffee_arch_read
 .text.write_str
                0x0021155e       0x10 obj_zoul/dbg-printf.o
 .text.buffer_str
                0x0021156e       0x28 obj_zoul/dbg-snprintf.o
 .text.snprintf
                0x00211596       0x1a obj_zoul/dbg-snprintf.o
                0x00211596                snprintf
 .text.autostart_start
                0x002115b0       0x14 obj_zoul/autostart.o
                0x002115b0                autostart_start
 .text.energest_init
                0x002115c4        0x2 obj_zoul/energest.o
                0x002115c4                energest_init
 .text.stimer_set
                0x002115c6        0xe obj_zoul/stimer.o
                0x002115c6                stimer_set
 .text.etimer_set
                0x002115d4       0x12 obj_zoul/etimer.o
                0x002115d4                etimer_set
 .text.etimer_reset
                0x002115e6       0x12 obj_zoul/etimer.o
                0x002115e6                etimer_reset
 .text.etimer_restart
                0x002115f8       0x12 obj_zoul/etimer.o
                0x002115f8                etimer_restart
 .text.etimer_expired
                0x0021160a        0xa obj_zoul/etimer.o
                0x0021160a                etimer_expired
 .text.etimer_expiration_time
                0x00211614        0x6 obj_zoul/etimer.o
                0x00211614                etimer_expiration_time
 .text.call_process
                0x0021161a        0xc obj_zoul/process.o
 .text.rtimer_init
                0x00211626        0x4 obj_zoul/rtimer.o
                0x00211626                rtimer_init
 .text.timer_set
                0x0021162a        0xe obj_zoul/timer.o
                0x0021162a                timer_set
 .text.timer_reset
                0x00211638        0xa obj_zoul/timer.o
                0x00211638                timer_reset
 .text.timer_restart
                0x00211642        0xc obj_zoul/timer.o
                0x00211642                timer_restart
 .text.timer_expired
                0x0021164e       0x1c obj_zoul/timer.o
                0x0021164e                timer_expired
 .text.crc16_add
                0x0021166a       0x1c obj_zoul/crc16.o
                0x0021166a                crc16_add
 .text.crc16_data
                0x00211686       0x20 obj_zoul/crc16.o
                0x00211686                crc16_data
 .text.ringbuf_init
                0x002116a6        0xe obj_zoul/ringbuf.o
                0x002116a6                ringbuf_init
 .text.ringbuf_put
                0x002116b4       0x28 obj_zoul/ringbuf.o
                0x002116b4                ringbuf_put
 .text.ringbuf_get
                0x002116dc       0x20 obj_zoul/ringbuf.o
                0x002116dc                ringbuf_get
 .text.list_init
                0x002116fc        0x6 obj_zoul/list.o
                0x002116fc                list_init
 .text.list_head
                0x00211702        0x4 obj_zoul/list.o
                0x00211702                list_head
 .text.list_tail
                0x00211706       0x10 obj_zoul/list.o
                0x00211706                list_tail
 .text.list_remove
                0x00211716       0x28 obj_zoul/list.o
                0x00211716                list_remove
 .text.list_add
                0x0021173e       0x1e obj_zoul/list.o
                0x0021173e                list_add
 .text.list_push
                0x0021175c       0x12 obj_zoul/list.o
                0x0021175c                list_push
 .text.list_length
                0x0021176e        0xe obj_zoul/list.o
                0x0021176e                list_length
 .text.list_item_next
                0x0021177c        0x6 obj_zoul/list.o
                0x0021177c                list_item_next
 .text.memb_init
                0x00211782       0x20 obj_zoul/memb.o
                0x00211782                memb_init
 .text.memb_alloc
                0x002117a2       0x28 obj_zoul/memb.o
                0x002117a2                memb_alloc
 .text.memb_free
                0x002117ca       0x2c obj_zoul/memb.o
                0x002117ca                memb_free
 .text.memb_inmemb
                0x002117f6       0x1c obj_zoul/memb.o
                0x002117f6                memb_inmemb
 .text.memb_numfree
                0x00211812       0x1c obj_zoul/memb.o
                0x00211812                memb_numfree
 .text.uip_ds6_list_loop
                0x0021182e       0x48 obj_zoul/uip-ds6.o
                0x0021182e                uip_ds6_list_loop
 .text.uip_ds6_maddr_rm
                0x00211876        0x8 obj_zoul/uip-ds6.o
                0x00211876                uip_ds6_maddr_rm
 .text.uip_ds6_set_addr_iid
                0x0021187e       0x12 obj_zoul/uip-ds6.o
                0x0021187e                uip_ds6_set_addr_iid
 .text.get_match_length
                0x00211890       0x3a obj_zoul/uip-ds6.o
                0x00211890                get_match_length
 .text.uip_ds6_route_next
                0x002118ca        0x8 obj_zoul/uip-ds6-route.o
                0x002118ca                uip_ds6_route_next
 .text.rm_routelist_callback
                0x002118d2        0x4 obj_zoul/uip-ds6-route.o
 .text.chksum   0x002118d6       0x38 obj_zoul/uip6.o
 .text.uip_icmp6chksum
                0x0021190e        0x6 obj_zoul/uip6.o
                0x0021190e                uip_icmp6chksum
 .text.uip_tcpchksum
                0x00211914        0x6 obj_zoul/uip6.o
                0x00211914                uip_tcpchksum
 .text.uip_udpchksum
                0x0021191a        0x6 obj_zoul/uip6.o
                0x0021191a                uip_udpchksum
 .text.uip_htons
                0x00211920        0x6 obj_zoul/uip6.o
                0x00211920                uip_htons
 .text.uip_htonl
                0x00211926       0x14 obj_zoul/uip6.o
                0x00211926                uip_htonl
 .text.uip_ds6_nbr_ipaddr_from_lladdr
                0x0021193a        0x4 obj_zoul/uip-ds6-nbr.o
                0x0021193a                uip_ds6_nbr_ipaddr_from_lladdr
 .text.uip_ds6_nbr_lladdr_from_ipaddr
                0x0021193e       0x12 obj_zoul/uip-ds6-nbr.o
                0x0021193e                uip_ds6_nbr_lladdr_from_ipaddr
 .text.uip_nd6_init
                0x00211950        0x2 obj_zoul/uip-nd6.o
                0x00211950                uip_nd6_init
 .text.call_event
                0x00211952        0xe obj_zoul/tcp-socket.o
 .text.relisten
                0x00211960       0x14 obj_zoul/tcp-socket.o
 .text.tcp_socket_send
                0x00211974       0x36 obj_zoul/tcp-socket.o
                0x00211974                tcp_socket_send
 .text.tcp_socket_close
                0x002119aa       0x18 obj_zoul/tcp-socket.o
                0x002119aa                tcp_socket_close
 .text.ip64_addr_4to6
                0x002119c2       0x30 obj_zoul/ip64-addr.o
                0x002119c2                ip64_addr_4to6
 .text.psock_datalen
                0x002119f2        0xa obj_zoul/psock.o
                0x002119f2                psock_datalen
 .text.psock_init
                0x002119fc       0x16 obj_zoul/psock.o
                0x002119fc                psock_init
 .text.uiplib_ip6addrconv
                0x00211a12       0xb4 obj_zoul/uiplib.o
                0x00211a12                uiplib_ip6addrconv
 .text.lollipop_greater_than
                0x00211ac6       0x34 obj_zoul/rpl-dag.o
 .text.check_prefix
                0x00211afa       0x58 obj_zoul/rpl-dag.o
 .text.rpl_rank_via_parent
                0x00211b52       0x1a obj_zoul/rpl-dag.o
                0x00211b52                rpl_rank_via_parent
 .text.rpl_get_parent_ipaddr
                0x00211b6c        0xe obj_zoul/rpl-dag.o
                0x00211b6c                rpl_get_parent_ipaddr
 .text.rpl_get_parent_link_stats
                0x00211b7a        0xe obj_zoul/rpl-dag.o
                0x00211b7a                rpl_get_parent_link_stats
 .text.rpl_parent_is_fresh
                0x00211b88        0xe obj_zoul/rpl-dag.o
                0x00211b88                rpl_parent_is_fresh
 .text.rpl_parent_is_reachable
                0x00211b96       0x36 obj_zoul/rpl-dag.o
                0x00211b96                rpl_parent_is_reachable
 .text.rpl_set_prefix
                0x00211bcc       0x6c obj_zoul/rpl-dag.o
                0x00211bcc                rpl_set_prefix
 .text.rpl_set_default_route
                0x00211c38       0x30 obj_zoul/rpl-dag.o
                0x00211c38                rpl_set_default_route
 .text.rpl_find_parent
                0x00211c68       0x16 obj_zoul/rpl-dag.o
                0x00211c68                rpl_find_parent
 .text.rpl_find_parent_any_dag
                0x00211c7e       0x1e obj_zoul/rpl-dag.o
                0x00211c7e                rpl_find_parent_any_dag
 .text.rpl_select_parent
                0x00211c9c       0x4a obj_zoul/rpl-dag.o
                0x00211c9c                rpl_select_parent
 .text.rpl_select_dag
                0x00211ce6      0x15c obj_zoul/rpl-dag.o
                0x00211ce6                rpl_select_dag
 .text.rpl_nullify_parent
                0x00211e42       0x54 obj_zoul/rpl-dag.o
                0x00211e42                rpl_nullify_parent
 .text.nbr_callback
                0x00211e96        0x4 obj_zoul/rpl-dag.o
 .text.rpl_free_dag
                0x00211e9a       0x3a obj_zoul/rpl-dag.o
                0x00211e9a                rpl_free_dag
 .text.rpl_move_parent
                0x00211ed4       0x54 obj_zoul/rpl-dag.o
                0x00211ed4                rpl_move_parent
 .text.rpl_repair_root
                0x00211f28       0x48 obj_zoul/rpl-dag.o
                0x00211f28                rpl_repair_root
 .text.rpl_alloc_dag
                0x00211f70       0x48 obj_zoul/rpl-dag.o
                0x00211f70                rpl_alloc_dag
 .text.rpl_process_parent_event
                0x00211fb8       0x96 obj_zoul/rpl-dag.o
                0x00211fb8                rpl_process_parent_event
 .text.rpl_add_dag
                0x0021204e      0x112 obj_zoul/rpl-dag.o
                0x0021204e                rpl_add_dag
 .text.rpl_process_dio
                0x00212160      0x2e6 obj_zoul/rpl-dag.o
                0x00212160                rpl_process_dio
 .text.handle_unicast_dio_timer
                0x00212446       0x1c obj_zoul/rpl-timers.o
 .text.rpl_reset_dio_timer
                0x00212462       0x1c obj_zoul/rpl-timers.o
                0x00212462                rpl_reset_dio_timer
 .text.rpl_schedule_dao
                0x0021247e        0x8 obj_zoul/rpl-timers.o
                0x0021247e                rpl_schedule_dao
 .text.get_probing_delay
                0x00212486       0x3a obj_zoul/rpl-timers.o
                0x00212486                get_probing_delay
 .text.handle_probing_timer
                0x002124c0       0x32 obj_zoul/rpl-timers.o
 .text.rpl_remove_routes
                0x002124f2       0x1e obj_zoul/rpl.o
                0x002124f2                rpl_remove_routes
 .text.rpl_remove_routes_by_nexthop
                0x00212510       0x30 obj_zoul/rpl.o
                0x00212510                rpl_remove_routes_by_nexthop
 .text.rpl_add_route
                0x00212540       0x2e obj_zoul/rpl.o
                0x00212540                rpl_add_route
 .text.reset    0x0021256e        0x2 obj_zoul/rpl-mrhof.o
 .text.update_metric_container
                0x00212570        0x6 obj_zoul/rpl-mrhof.o
 .text.parent_link_metric
                0x00212576       0x12 obj_zoul/rpl-mrhof.o
 .text.parent_has_usable_link
                0x00212588       0x12 obj_zoul/rpl-mrhof.o
 .text.best_dag
                0x0021259a       0x2c obj_zoul/rpl-mrhof.o
 .text.parent_path_cost
                0x002125c6       0x34 obj_zoul/rpl-mrhof.o
 .text.parent_is_acceptable
                0x002125fa       0x26 obj_zoul/rpl-mrhof.o
 .text.rank_via_parent
                0x00212620       0x34 obj_zoul/rpl-mrhof.o
 .text.best_parent
                0x00212654       0x68 obj_zoul/rpl-mrhof.o
 .text.get32    0x002126bc       0x18 obj_zoul/rpl-icmp6.o
 .text.set32    0x002126d4       0x12 obj_zoul/rpl-icmp6.o
 .text.get16    0x002126e6        0xc obj_zoul/rpl-icmp6.o
 .text.set16    0x002126f2        0xa obj_zoul/rpl-icmp6.o
 .text.rpl_icmp6_update_nbr_table
                0x002126fc       0x2e obj_zoul/rpl-icmp6.o
                0x002126fc                rpl_icmp6_update_nbr_table
 .text.queuebuf_update_attr_from_packetbuf
                0x0021272a        0xc obj_zoul/queuebuf.o
                0x0021272a                queuebuf_update_attr_from_packetbuf
 .text.queuebuf_attr
                0x00212736        0xc obj_zoul/queuebuf.o
                0x00212736                queuebuf_attr
 .text.item_from_key
                0x00212742       0x22 obj_zoul/nbr-table.o
 .text.nbr_set_bit
                0x00212764       0x38 obj_zoul/nbr-table.o
 .text.nbr_table_next
                0x0021279c       0x3e obj_zoul/nbr-table.o
                0x0021279c                nbr_table_next
 .text.nbr_table_get_from_lladdr
                0x002127da       0x32 obj_zoul/nbr-table.o
                0x002127da                nbr_table_get_from_lladdr
 .text.nbr_table_get_lladdr
                0x0021280c       0x20 obj_zoul/nbr-table.o
                0x0021280c                nbr_table_get_lladdr
 .text.linkaddr_copy
                0x0021282c        0xa obj_zoul/linkaddr.o
                0x0021282c                linkaddr_copy
 .text.linkaddr_cmp
                0x00212836       0x10 obj_zoul/linkaddr.o
                0x00212836                linkaddr_cmp
 .text.link_stats_is_fresh
                0x00212846       0x24 obj_zoul/link-stats.o
                0x00212846                link_stats_is_fresh
 .text.packet_sent
                0x0021286a       0xca obj_zoul/csma.o
 .text.frame802154_has_panid
                0x00212934       0x62 obj_zoul/frame802154.o
                0x00212934                frame802154_has_panid
 .text.field_len
                0x00212996       0xa2 obj_zoul/frame802154.o
 .text.frame802154_is_broadcast_addr
                0x00212a38       0x1e obj_zoul/frame802154.o
                0x00212a38                frame802154_is_broadcast_addr
 .text.frame802154_hdrlen
                0x00212a56       0x32 obj_zoul/frame802154.o
                0x00212a56                frame802154_hdrlen
 .text.frame802154_create
                0x00212a88      0x120 obj_zoul/frame802154.o
                0x00212a88                frame802154_create
 .text.mac_call_sent_callback
                0x00212ba8       0x16 obj_zoul/mac.o
                0x00212ba8                mac_call_sent_callback
 .text.parse    0x00212bbe       0xb8 obj_zoul/framer-802154.o
 .text.create   0x00212c76        0x6 obj_zoul/framer-802154.o
 .text.hdr_length
                0x00212c7c        0x6 obj_zoul/framer-802154.o
 .text.channel_check_interval
                0x00212c82        0x4 obj_zoul/nullrdc.o
 .text.init     0x00212c86        0x4 obj_zoul/nullrdc.o
 .text.send_list
                0x00212c8a       0x20 obj_zoul/nullrdc.o
 .text.send_packet
                0x00212caa        0x4 obj_zoul/nullrdc.o
 .text.anti_replay_get_counter
                0x00212cae       0x1c obj_zoul/anti-replay.o
                0x00212cae                anti_replay_get_counter
 .text.anti_replay_init_info
                0x00212cca        0xe obj_zoul/anti-replay.o
                0x00212cca                anti_replay_init_info
 .text.anti_replay_was_replayed
                0x00212cd8       0x2a obj_zoul/anti-replay.o
                0x00212cd8                anti_replay_was_replayed
 .text.add_security_header
                0x00212d02       0x16 obj_zoul/noncoresec.o
 .text.publish_led_off
                0x00212d18        0x6 mqtt-client.co
 .text.enqueue_chunk
                0x00212d1e       0xfa obj_zoul/httpd-simple.o
 .text.send_string
                0x00212e18       0x3e obj_zoul/httpd-simple.o
 .text.mqtt_sensor_strings
                0x00212e56       0x20 obj_zoul/mqtt-sensors.o
 .text.mqtt_sensor_register
                0x00212e76       0x7e obj_zoul/mqtt-sensors.o
                0x00212e76                mqtt_sensor_register
 *(SORT(.rodata*))
 .rodata.dht22  0x00212ef4       0x10 obj_zoul/dht22.o
                0x00212ef4                dht22
 .rodata.tsl256x
                0x00212f04       0x10 obj_zoul/tsl256x.o
                0x00212f04                tsl256x
 .rodata.button_sensor
                0x00212f14       0x10 obj_zoul/button-sensor.o
                0x00212f14                button_sensor
 .rodata.uart_regs
                0x00212f24       0x58 obj_zoul/uart.o
 .rodata.reset_cause.4692
                0x00212f7c       0x10 obj_zoul/sys-ctrl.o
 .rodata.cc2538_aes_128_driver
                0x00212f8c        0x8 obj_zoul/cc2538-aes-128.o
                0x00212f8c                cc2538_aes_128_driver
 .rodata.cc2538_ccm_star_driver
                0x00212f94        0x8 obj_zoul/cc2538-ccm-star.o
                0x00212f94                cc2538_ccm_star_driver
 .rodata.output_power
                0x00212f9c       0x70 obj_zoul/cc2538-rf.o
 .rodata.cc2538_rf_driver
                0x0021300c       0x38 obj_zoul/cc2538-rf.o
                0x0021300c                cc2538_rf_driver
 .rodata.cc2538_temp_sensor
                0x00213044       0x10 obj_zoul/cc2538-temp-sensor.o
                0x00213044                cc2538_temp_sensor
 .rodata.vdd3_sensor
                0x00213054       0x10 obj_zoul/vdd3-sensor.o
                0x00213054                vdd3_sensor
 .rodata.sicslowpan_driver
                0x00213064        0xc obj_zoul/sicslowpan.o
                0x00213064                sicslowpan_driver
 .rodata.csma_driver
                0x00213070       0x1c obj_zoul/csma.o
                0x00213070                csma_driver
 .rodata.framer_802154
                0x0021308c        0xc obj_zoul/framer-802154.o
                0x0021308c                framer_802154
 .rodata.nullrdc_driver
                0x00213098       0x20 obj_zoul/nullrdc.o
                0x00213098                nullrdc_driver
 .rodata.noncoresec_driver
                0x002130b8       0x10 obj_zoul/noncoresec.o
                0x002130b8                noncoresec_driver
 .rodata.noncoresec_framer
                0x002130c8        0xc obj_zoul/noncoresec.o
                0x002130c8                noncoresec_framer
 .rodata.autostart_processes
                0x002130d4        0x8 mqtt-client.co
                0x002130d4                autostart_processes
 .rodata._ctype_
                0x002130dc      0x104 /usr/lib/gcc/arm-none-eabi/4.9.3/../../../arm-none-eabi/lib/armv7-m/libc.a(lib_a-ctype_.o)
                0x002130dc                _ctype_
 .rodata.str1.4
                0x002131e0        0x4 /usr/lib/gcc/arm-none-eabi/4.9.3/../../../arm-none-eabi/lib/armv7-m/libc.a(lib_a-impure.o)
 .rodata.CSWTCH.14
                0x002131e4        0x6 obj_zoul/tsl256x.o
 .rodata.str1.1
                0x002131ea        0x7 obj_zoul/mqtt.o
                                 0x14 (size before relaxing)
 .rodata.str1.1
                0x002131f1        0xd obj_zoul/dht22.o
 .rodata.str1.1
                0x002131fe       0x37 obj_zoul/tsl256x.o
 .rodata.str1.1
                0x00213235       0x7e obj_zoul/contiki-main.o
 .rodata.str1.1
                0x002132b3        0x7 obj_zoul/button-sensor.o
 .rodata.str1.1
                0x002132ba       0x94 obj_zoul/soc.o
 .rodata.str1.1
                0x0021334e       0x2d obj_zoul/sys-ctrl.o
 .rodata.str1.1
                0x0021337b       0x11 obj_zoul/cc2538-rf.o
 .rodata.str1.1
                0x0021338c       0x14 obj_zoul/cc2538-temp-sensor.o
 .rodata.str1.1
                0x002133a0        0x5 obj_zoul/vdd3-sensor.o
 .rodata.buffer.4159
                0x002133a5       0x10 obj_zoul/strformat.o
 .rodata.str1.1
                0x002133b5       0x35 obj_zoul/strformat.o
                                 0x37 (size before relaxing)
 .rodata.buffer.4150
                0x002133ea       0x10 obj_zoul/strformat.o
 .rodata.str1.1
                0x002133fa        0xf obj_zoul/ctimer.o
 .rodata.str1.1
                0x00213409        0xc obj_zoul/etimer.o
 .rodata.str1.1
                0x00213415        0xe obj_zoul/serial-line.o
 .rodata.str1.1
                0x00213423        0x8 obj_zoul/sensors.o
 .rodata        0x0021342b        0x2 obj_zoul/sicslowpan.o
 .rodata.ttl_values
                0x0021342d        0x4 obj_zoul/sicslowpan.o
 .rodata.unc_llconf
                0x00213431        0x4 obj_zoul/sicslowpan.o
                0x00213431                unc_llconf
 .rodata.llprefix
                0x00213435        0x2 obj_zoul/sicslowpan.o
                0x00213435                llprefix
 .rodata.unc_mxconf
                0x00213437        0x4 obj_zoul/sicslowpan.o
                0x00213437                unc_mxconf
 .rodata.str1.1
                0x0021343b        0xb obj_zoul/sicslowpan.o
 .rodata.unc_ctxconf
                0x00213446        0x4 obj_zoul/sicslowpan.o
                0x00213446                unc_ctxconf
 .rodata.str1.1
                0x0021344a       0x99 obj_zoul/tcp-socket.o
 .rodata.str1.1
                0x002134e3       0x28 obj_zoul/uip-debug.o
 .rodata.str1.1
                0x0021350b        0xd obj_zoul/tcpip.o
 .rodata.linkaddr_null
                0x00213518        0x8 obj_zoul/linkaddr.o
                0x00213518                linkaddr_null
 .rodata.str1.1
                0x00213520        0x5 obj_zoul/csma.o
 .rodata.str1.1
                0x00213525        0x8 obj_zoul/nullrdc.o
 .rodata.str1.1
                0x0021352d        0xb obj_zoul/noncoresec.o
 .rodata.str1.1
                0x00213538      0x72f mqtt-client.co
                                0x750 (size before relaxing)
 .rodata.http_header_400
                0x00213c67       0x1b obj_zoul/httpd-simple.o
 .rodata.http_content_type_plain
                0x00213c82        0xb obj_zoul/httpd-simple.o
 .rodata.http_header_404
                0x00213c8d       0x19 obj_zoul/httpd-simple.o
 .rodata.http_header_411
                0x00213ca6       0x1f obj_zoul/httpd-simple.o
 .rodata.http_header_413
                0x00213cc5       0x28 obj_zoul/httpd-simple.o
 .rodata.http_doctype
                0x00213ced       0x10 obj_zoul/httpd-simple.o
 .rodata.config_div_right
                0x00213cfd       0x14 obj_zoul/httpd-simple.o
 .rodata.http_header_503
                0x00213d11       0x23 obj_zoul/httpd-simple.o
 .rodata.http_body_start
                0x00213d34        0x7 obj_zoul/httpd-simple.o
 .rodata.http_post
                0x00213d3b        0x6 obj_zoul/httpd-simple.o
 .rodata.http_head_end
                0x00213d41        0x8 obj_zoul/httpd-simple.o
 .rodata.http_header_302
                0x00213d49       0x15 obj_zoul/httpd-simple.o
 .rodata.str1.1
                0x00213d5e      0x39a obj_zoul/httpd-simple.o
                                0x3b2 (size before relaxing)
 .rodata.http_content_type_html
                0x002140f8        0xa obj_zoul/httpd-simple.o
 .rodata.http_title_end
                0x00214102        0x9 obj_zoul/httpd-simple.o
 .rodata.config_div_close
                0x0021410b        0x7 obj_zoul/httpd-simple.o
 .rodata.config_div_left
                0x00214112       0x13 obj_zoul/httpd-simple.o
 .rodata.http_header_200
                0x00214125       0x12 obj_zoul/httpd-simple.o
 .rodata.http_html_start
                0x00214137        0xd obj_zoul/httpd-simple.o
 .rodata.http_get
                0x00214144        0x5 obj_zoul/httpd-simple.o
 .rodata.http_bottom
                0x00214149        0xf obj_zoul/httpd-simple.o
 .rodata.http_index_html
                0x00214158        0xc obj_zoul/httpd-simple.o
 .rodata.http_head_charset
                0x00214164       0x17 obj_zoul/httpd-simple.o
 .rodata.http_title_start
                0x0021417b        0x8 obj_zoul/httpd-simple.o
 .rodata.str1.1
                0x00214183       0x8e obj_zoul/mqtt-sensors.o
 .rodata.str1.1
                0x00214211       0xdc obj_zoul/mqtt-res.o
                                 0xe4 (size before relaxing)
 .rodata.str1.1
                0x002142ed      0x12f obj_zoul/thingsio.o
                                0x14a (size before relaxing)
 .rodata.str1.1
                0x0021441c       0xac obj_zoul/coldchain.o
                                 0xc7 (size before relaxing)
                0x002144c8                _etext = .

.glue_7         0x002144c8        0x0
 .glue_7        0x002144c8        0x0 linker stubs

.glue_7t        0x002144c8        0x0
 .glue_7t       0x002144c8        0x0 linker stubs

.vfp11_veneer   0x002144c8        0x0
 .vfp11_veneer  0x002144c8        0x0 linker stubs

.v4_bx          0x002144c8        0x0
 .v4_bx         0x002144c8        0x0 linker stubs

.iplt           0x002144c8        0x0
 .iplt          0x002144c8        0x0 obj_zoul/startup-gcc.o

.socdata        0x20000000       0x40
 *(SORT(.udma_channel_control_table))
 .udma_channel_control_table
                0x20000000       0x40 obj_zoul/udma.o

.data           0x20000040      0x6cd load address 0x002144c8
                0x20000040                _data = .
 *(SORT(.data*))
 .data.impure_data
                0x20000040      0x428 /usr/lib/gcc/arm-none-eabi/4.9.3/../../../arm-none-eabi/lib/armv7-m/libc.a(lib_a-impure.o)
 .data.mqtt_process
                0x20000468       0x10 obj_zoul/mqtt.o
                0x20000468                mqtt_process
 .data.tsl256x_int_process
                0x20000478       0x10 obj_zoul/tsl256x.o
                0x20000478                tsl256x_int_process
 .data.sensors  0x20000488       0x10 obj_zoul/zoul-sensors.o
                0x20000488                sensors
 .data.cc2538_rf_process
                0x20000498       0x10 obj_zoul/cc2538-rf.o
                0x20000498                cc2538_rf_process
 .data.ctxt     0x200004a8        0x8 obj_zoul/dbg-printf.o
 .data.ctimer_process
                0x200004b0       0x10 obj_zoul/ctimer.o
                0x200004b0                ctimer_process
 .data.etimer_process
                0x200004c0       0x10 obj_zoul/etimer.o
                0x200004c0                etimer_process
 .data.serial_line_process
                0x200004d0       0x10 obj_zoul/serial-line.o
                0x200004d0                serial_line_process
 .data.sensors_process
                0x200004e0       0x10 obj_zoul/sensors.o
                0x200004e0                sensors_process
 .data.echo_request_handler
                0x200004f0        0xc obj_zoul/uip-icmp6.o
 .data.echo_reply_handler
                0x200004fc        0xc obj_zoul/uip-icmp6.o
 .data.defaultroutermemb
                0x20000508        0xc obj_zoul/uip-ds6-route.o
 .data.nbr_routes_struct
                0x20000514       0x10 obj_zoul/uip-ds6-route.o
 .data.nbr_routes
                0x20000524        0x4 obj_zoul/uip-ds6-route.o
                0x20000524                nbr_routes
 .data.routememb
                0x20000528        0xc obj_zoul/uip-ds6-route.o
 .data.neighborroutememb
                0x20000534        0xc obj_zoul/uip-ds6-route.o
 .data.ds6_neighbors
                0x20000540        0x4 obj_zoul/uip-ds6-nbr.o
                0x20000540                ds6_neighbors
 .data.ds6_neighbors_struct
                0x20000544       0x10 obj_zoul/uip-ds6-nbr.o
 .data.tcp_socket_process
                0x20000554       0x10 obj_zoul/tcp-socket.o
                0x20000554                tcp_socket_process
 .data.tcpip_process
                0x20000564       0x10 obj_zoul/tcpip.o
                0x20000564                tcpip_process
 .data.rpl_parents
                0x20000574        0x4 obj_zoul/rpl-dag.o
                0x20000574                rpl_parents
 .data.rpl_parents_struct
                0x20000578       0x10 obj_zoul/rpl-dag.o
 .data.rpl_mrhof
                0x20000588       0x24 obj_zoul/rpl-mrhof.o
                0x20000588                rpl_mrhof
 .data.dao_ack_handler
                0x200005ac        0xc obj_zoul/rpl-icmp6.o
 .data.dis_handler
                0x200005b8        0xc obj_zoul/rpl-icmp6.o
 .data.dao_handler
                0x200005c4        0xc obj_zoul/rpl-icmp6.o
 .data.dio_handler
                0x200005d0        0xc obj_zoul/rpl-icmp6.o
 .data.bufmem   0x200005dc        0xc obj_zoul/queuebuf.o
 .data.buframmem
                0x200005e8        0xc obj_zoul/queuebuf.o
 .data.neighbor_addr_mem
                0x200005f4        0xc obj_zoul/nbr-table.o
 .data.link_stats_struct
                0x20000600       0x10 obj_zoul/link-stats.o
 .data.metadata_memb
                0x20000610        0xc obj_zoul/csma.o
 .data.neighbor_memb
                0x2000061c        0xc obj_zoul/csma.o
 .data.packet_memb
                0x20000628        0xc obj_zoul/csma.o
 .data.anti_replay_table_struct
                0x20000634       0x10 obj_zoul/noncoresec.o
 .data.auth_token_handler
                0x20000644        0x8 mqtt-client.co
                0x20000644                auth_token_handler
 .data.auth_user_handler
                0x2000064c        0x8 mqtt-client.co
                0x2000064c                auth_user_handler
 .data.mqtt_demo_process
                0x20000654       0x10 mqtt-client.co
                0x20000654                mqtt_demo_process
 .data.conns    0x20000664        0xc obj_zoul/httpd-simple.o
 .data.http_ws_cfg_page
                0x20000670       0x10 obj_zoul/httpd-simple.o
 .data.httpd_simple_process
                0x20000680       0x10 obj_zoul/httpd-simple.o
                0x20000680                httpd_simple_process
 .data.http_header_srv_str
                0x20000690        0xc obj_zoul/httpd-simple.o
 .data.http_config_css
                0x2000069c       0x1c obj_zoul/httpd-simple.o
 .data.http_header_con_close
                0x200006b8        0x8 obj_zoul/httpd-simple.o
 .data.mqtt_res_process
                0x200006c0       0x10 obj_zoul/mqtt-res.o
                0x200006c0                mqtt_res_process
 .data.thingsio_process
                0x200006d0       0x10 obj_zoul/thingsio.o
                0x200006d0                thingsio_process
 .data.coldchain_sensors_process
                0x200006e0       0x10 obj_zoul/coldchain.o
                0x200006e0                coldchain_sensors_process
 .data.__ctype_ptr__
                0x200006f0        0x4 /usr/lib/gcc/arm-none-eabi/4.9.3/../../../arm-none-eabi/lib/armv7-m/libc.a(lib_a-ctype_.o)
                0x200006f0                __ctype_ptr__
 .data._impure_ptr